<!DOCTYPE html><html lang="fr"><head><meta charSet="utf-8"/><meta name="viewport" content="width=device-width, initial-scale=1, maximum-scale=1, user-scalable=no"/><link rel="preload" as="image" imageSrcSet="/_next/image?url=%2Ftrait-logo.png&amp;w=256&amp;q=75 1x, /_next/image?url=%2Ftrait-logo.png&amp;w=384&amp;q=75 2x"/><link rel="stylesheet" href="/_next/static/chunks/%5Broot-of-the-server%5D__02nfq85._.css" data-precedence="next_static/chunks/[root-of-the-server]__02nfq85._.css"/><link rel="preload" as="script" fetchPriority="low" href="/_next/static/chunks/%5Bturbopack%5D_browser_dev_hmr-client_hmr-client_ts_10z625~._.js"/><script src="/_next/static/chunks/node_modules_next_dist_compiled_next-devtools_index_0553esy.js" async=""></script><script src="/_next/static/chunks/node_modules_next_dist_compiled_react-dom_058-ah~._.js" async=""></script><script src="/_next/static/chunks/node_modules_next_dist_compiled_react-server-dom-turbopack_0p3wegg._.js" async=""></script><script src="/_next/static/chunks/node_modules_next_dist_compiled_0rpq4pf._.js" async=""></script><script src="/_next/static/chunks/node_modules_next_dist_client_0fhqo1d._.js" async=""></script><script src="/_next/static/chunks/node_modules_next_dist_115brz8._.js" async=""></script><script src="/_next/static/chunks/node_modules_%40swc_helpers_cjs_0-4ujiy._.js" async=""></script><script src="/_next/static/chunks/_0rqeker._.js" async=""></script><script src="/_next/static/chunks/turbopack-_0p44nws._.js" async=""></script><script src="/_next/static/chunks/node_modules_127f~ir._.js" async=""></script><script src="/_next/static/chunks/src_0nfemkn._.js" async=""></script><script src="/_next/static/chunks/src_app_layout_tsx_004glpo._.js" async=""></script><script src="/_next/static/chunks/src_components_screens_WelcomeScreen_tsx_0-l9wn7._.js" async=""></script><script src="/_next/static/chunks/src_components_screens_USSDScreen_tsx_0ryh1m3._.js" async=""></script><script src="/_next/static/chunks/src_components_screens_InternationalTransferScreen_tsx_0x6ixcl._.js" async=""></script><script src="/_next/static/chunks/src_components_screens_AgentRegisterScreen_tsx_0j_5esu._.js" async=""></script><script src="/_next/static/chunks/src_components_screens_KYCVerificationScreen_tsx_0c6rreo._.js" async=""></script><script src="/_next/static/chunks/src_components_screens_0gk~qo.._.js" async=""></script><script src="/_next/static/chunks/src_components_admin_AdminUsersScreen_tsx_0ud7cko._.js" async=""></script><script src="/_next/static/chunks/src_components_admin_AdminAgentsScreen_tsx_0p3y-39._.js" async=""></script><script src="/_next/static/chunks/src_components_admin_AdminMarketScreen_tsx_0ah1aky._.js" async=""></script><script src="/_next/static/chunks/src_components_admin_AdminBonusCampaignsScreen_tsx_0kmsn7i._.js" async=""></script><script src="/_next/static/chunks/src_components_admin_AdminAgentValidationScreen_tsx_0ngcv8z._.js" async=""></script><script src="/_next/static/chunks/src_components_admin_AdminDevelopersScreen_tsx_06x277w._.js" async=""></script><script src="/_next/static/chunks/src_components_admin_AdminCardsScreen_tsx_0o~a9.2._.js" async=""></script><script src="/_next/static/chunks/src_components_admin_AdminClientMessagesScreen_tsx_0t.x0n_._.js" async=""></script><script src="/_next/static/chunks/src_components_admin_01hsd3j._.js" async=""></script><script src="/_next/static/chunks/src_components_0hn5p07._.js" async=""></script><script src="/_next/static/chunks/src_0238u8z._.js" async=""></script><script src="/_next/static/chunks/node_modules_motion-dom_dist_es_0p2xb11._.js" async=""></script><script src="/_next/static/chunks/node_modules_framer-motion_dist_es_09u0dvt._.js" async=""></script><script src="/_next/static/chunks/node_modules_lucide-react_dist_esm_0ijipn9._.js" async=""></script><script src="/_next/static/chunks/node_modules_next_0jmp5z7._.js" async=""></script><script src="/_next/static/chunks/node_modules_tailwind-merge_dist_bundle-mjs_mjs_0ezz.e5._.js" async=""></script><script src="/_next/static/chunks/node_modules_08xahpj._.js" async=""></script><script src="/_next/static/chunks/src_app_page_tsx_0bx44sf._.js" async=""></script><script src="/_next/static/chunks/node_modules_next_dist_client_components_builtin_global-error_0bx44sf.js" async=""></script><meta name="next-size-adjust" content=""/><meta name="apple-mobile-web-app-capable" content="yes"/><meta name="apple-mobile-web-app-status-bar-style" content="black-translucent"/><meta name="apple-mobile-web-app-title" content="TRAIT"/><meta name="mobile-web-app-capable" content="yes"/><link rel="apple-touch-icon" href="/apple-touch-icon.png"/><link rel="apple-touch-startup-image" href="/icon-512.png"/><meta name="theme-color" content="#1E40AF"/><title>TRAIT - Transfert d&#x27;argent, Troc &amp; Marketplace</title><meta name="description" content="Plateforme numérique innovante combinant transfert d&#x27;argent, troc digital et marketplace. Accessible avec ou sans internet via USSD."/><meta name="author" content="Trait Team"/><link rel="manifest" href="/manifest.json"/><meta name="keywords" content="Trait,transfert,argent,troc,marketplace,USSD,fintech,mobile money,RDC,Congo"/><meta name="mobile-web-app-capable" content="yes"/><meta name="mobile-web-app-capable" content="yes"/><meta name="apple-mobile-web-app-title" content="TRAIT"/><meta name="apple-mobile-web-app-status-bar-style" content="black-translucent"/><meta property="og:title" content="TRAIT - Transfert d&#x27;argent, Troc &amp; Marketplace"/><meta property="og:description" content="Plateforme numérique innovante combinant transfert d&#x27;argent, troc digital et marketplace."/><meta property="og:image" content="http://localhost:3000/icon-512.png"/><meta property="og:type" content="website"/><meta name="twitter:card" content="summary_large_image"/><meta name="twitter:title" content="TRAIT - Transfert d&#x27;argent, Troc &amp; Marketplace"/><meta name="twitter:description" content="Plateforme numérique innovante combinant transfert d&#x27;argent, troc digital et marketplace."/><meta name="twitter:image" content="http://localhost:3000/icon-512.png"/><link rel="icon" href="/favicon-16.png" sizes="16x16" type="image/png"/><link rel="icon" href="/favicon-32.png" sizes="32x32" type="image/png"/><link rel="icon" href="/icon-192.png" sizes="192x192" type="image/png"/><link rel="apple-touch-icon" href="/apple-touch-icon.png"/><script src="/_next/static/chunks/node_modules_next_dist_build_polyfills_polyfill-nomodule.js" noModule=""></script></head><body class="geist_a71539c9-module__T19VSG__variable geist_mono_8d43a2aa-module__8Li5zG__variable antialiased bg-background text-foreground font-sans"><div hidden=""><!--$--><!--/$--></div><div class="relative min-h-screen bg-background flex flex-col"><div class="flex-1 "><div class="min-h-screen bg-background relative"><div class="absolute inset-0 overflow-hidden pointer-events-none "><div class="absolute -top-32 -right-32 w-96 h-96 bg-blue-500/10 rounded-full blur-[100px] premium-mesh-float"></div><div class="absolute top-1/3 -left-32 w-80 h-80 bg-red-500/8 rounded-full blur-[100px]" style="animation:gradientOrb 15s ease-in-out infinite"></div><div class="absolute -bottom-32 right-1/4 w-72 h-72 bg-amber-400/6 rounded-full blur-[80px]" style="animation:gradientOrb 20s 3s ease-in-out infinite"></div><div class="absolute top-1/2 left-1/2 w-64 h-64 bg-blue-600/5 rounded-full blur-[80px]" style="animation:gradientOrb 18s 6s ease-in-out infinite"></div></div><div class="absolute inset-0 overflow-hidden pointer-events-none"><div class="absolute rounded-full bg-blue-400/30 dark:bg-blue-500/20" style="left:5%;bottom:-10px;width:3px;height:3px;opacity:0.2;animation:particleFloat 8s 0.5s ease-in-out infinite"></div><div class="absolute rounded-full bg-blue-400/30 dark:bg-blue-500/20" style="left:15%;bottom:-10px;width:2.5px;height:2.5px;opacity:0.15;animation:particleFloat 10s 2.1s ease-in-out infinite"></div><div class="absolute rounded-full bg-blue-400/30 dark:bg-blue-500/20" style="left:25%;bottom:-10px;width:4px;height:4px;opacity:0.25;animation:particleFloat 7s 4.3s ease-in-out infinite"></div><div class="absolute rounded-full bg-blue-400/30 dark:bg-blue-500/20" style="left:35%;bottom:-10px;width:3px;height:3px;opacity:0.18;animation:particleFloat 9s 1.2s ease-in-out infinite"></div><div class="absolute rounded-full bg-blue-400/30 dark:bg-blue-500/20" style="left:45%;bottom:-10px;width:2px;height:2px;opacity:0.12;animation:particleFloat 11s 6s ease-in-out infinite"></div><div class="absolute rounded-full bg-blue-400/30 dark:bg-blue-500/20" style="left:55%;bottom:-10px;width:3.5px;height:3.5px;opacity:0.22;animation:particleFloat 8.5s 3.5s ease-in-out infinite"></div><div class="absolute rounded-full bg-blue-400/30 dark:bg-blue-500/20" style="left:65%;bottom:-10px;width:2.5px;height:2.5px;opacity:0.16;animation:particleFloat 12s 0.8s ease-in-out infinite"></div><div class="absolute rounded-full bg-blue-400/30 dark:bg-blue-500/20" style="left:75%;bottom:-10px;width:4px;height:4px;opacity:0.2;animation:particleFloat 9.5s 5.2s ease-in-out infinite"></div><div class="absolute rounded-full bg-blue-400/30 dark:bg-blue-500/20" style="left:85%;bottom:-10px;width:3px;height:3px;opacity:0.14;animation:particleFloat 7.5s 7.1s ease-in-out infinite"></div><div class="absolute rounded-full bg-blue-400/30 dark:bg-blue-500/20" style="left:95%;bottom:-10px;width:2px;height:2px;opacity:0.18;animation:particleFloat 10.5s 2.8s ease-in-out infinite"></div><div class="absolute rounded-full bg-blue-400/30 dark:bg-blue-500/20" style="left:10%;bottom:-10px;width:3.5px;height:3.5px;opacity:0.2;animation:particleFloat 13s 4.9s ease-in-out infinite"></div><div class="absolute rounded-full bg-blue-400/30 dark:bg-blue-500/20" style="left:20%;bottom:-10px;width:2px;height:2px;opacity:0.15;animation:particleFloat 8s 1.6s ease-in-out infinite"></div><div class="absolute rounded-full bg-blue-400/30 dark:bg-blue-500/20" style="left:30%;bottom:-10px;width:4px;height:4px;opacity:0.25;animation:particleFloat 11s 6.5s ease-in-out infinite"></div><div class="absolute rounded-full bg-blue-400/30 dark:bg-blue-500/20" style="left:40%;bottom:-10px;width:3px;height:3px;opacity:0.17;animation:particleFloat 9s 3s ease-in-out infinite"></div><div class="absolute rounded-full bg-blue-400/30 dark:bg-blue-500/20" style="left:50%;bottom:-10px;width:2.5px;height:2.5px;opacity:0.13;animation:particleFloat 7s 0.3s ease-in-out infinite"></div><div class="absolute rounded-full bg-blue-400/30 dark:bg-blue-500/20" style="left:60%;bottom:-10px;width:3.5px;height:3.5px;opacity:0.22;animation:particleFloat 10s 5.8s ease-in-out infinite"></div><div class="absolute rounded-full bg-blue-400/30 dark:bg-blue-500/20" style="left:70%;bottom:-10px;width:2px;height:2px;opacity:0.16;animation:particleFloat 12s 2.4s ease-in-out infinite"></div><div class="absolute rounded-full bg-blue-400/30 dark:bg-blue-500/20" style="left:80%;bottom:-10px;width:3px;height:3px;opacity:0.19;animation:particleFloat 8.5s 7.5s ease-in-out infinite"></div><div class="absolute rounded-full bg-blue-400/30 dark:bg-blue-500/20" style="left:90%;bottom:-10px;width:4px;height:4px;opacity:0.21;animation:particleFloat 9.5s 4s ease-in-out infinite"></div><div class="absolute rounded-full bg-blue-400/30 dark:bg-blue-500/20" style="left:48%;bottom:-10px;width:2.5px;height:2.5px;opacity:0.14;animation:particleFloat 14s 1s ease-in-out infinite"></div></div><div class="relative z-10 flex flex-col min-h-screen" style="opacity:0"><header class="px-4 sm:px-6 pt-4 pb-2 flex items-center justify-between" style="opacity:0;filter:blur(4px);transform:translateY(30px)"><div class="flex items-center gap-1.5"><div><svg xmlns="http://www.w3.org/2000/svg" width="24" height="24" viewBox="0 0 24 24" fill="none" stroke="currentColor" stroke-width="2" stroke-linecap="round" stroke-linejoin="round" class="lucide lucide-sparkles w-4 h-4 text-amber-500" aria-hidden="true"><path d="M9.937 15.5A2 2 0 0 0 8.5 14.063l-6.135-1.582a.5.5 0 0 1 0-.962L8.5 9.936A2 2 0 0 0 9.937 8.5l1.582-6.135a.5.5 0 0 1 .963 0L14.063 8.5A2 2 0 0 0 15.5 9.937l6.135 1.581a.5.5 0 0 1 0 .964L15.5 14.063a2 2 0 0 0-1.437 1.437l-1.582 6.135a.5.5 0 0 1-.963 0z"></path><path d="M20 3v4"></path><path d="M22 5h-4"></path><path d="M4 17v2"></path><path d="M5 18H3"></path></svg></div></div><div class="flex items-center gap-1 flex-wrap justify-end"><svg xmlns="http://www.w3.org/2000/svg" width="24" height="24" viewBox="0 0 24 24" fill="none" stroke="currentColor" stroke-width="2" stroke-linecap="round" stroke-linejoin="round" class="lucide lucide-globe w-3.5 h-3.5 text-muted-foreground mr-0.5 shrink-0" aria-hidden="true"><circle cx="12" cy="12" r="10"></circle><path d="M12 2a14.5 14.5 0 0 0 0 20 14.5 14.5 0 0 0 0-20"></path><path d="M2 12h20"></path></svg><button class="
                  px-2.5 py-0.5 rounded-full text-[11px] font-semibold transition-all duration-300 cursor-pointer
                  bg-[#1E40AF] text-white shadow-lg shadow-blue-500/25 scale-105
                " aria-label="Français">FR</button><button class="
                  px-2.5 py-0.5 rounded-full text-[11px] font-semibold transition-all duration-300 cursor-pointer
                  bg-muted/60 text-muted-foreground hover:bg-muted hover:text-foreground
                " aria-label="English">EN</button><button class="
                  px-2.5 py-0.5 rounded-full text-[11px] font-semibold transition-all duration-300 cursor-pointer
                  bg-muted/60 text-muted-foreground hover:bg-muted hover:text-foreground
                " aria-label="Lingála">LN</button><button class="
                  px-2.5 py-0.5 rounded-full text-[11px] font-semibold transition-all duration-300 cursor-pointer
                  bg-muted/60 text-muted-foreground hover:bg-muted hover:text-foreground
                " aria-label="Kiswahili">SW</button><button class="
                  px-2.5 py-0.5 rounded-full text-[11px] font-semibold transition-all duration-300 cursor-pointer
                  bg-muted/60 text-muted-foreground hover:bg-muted hover:text-foreground
                " aria-label="Tshiluba">TL</button><button class="
                  px-2.5 py-0.5 rounded-full text-[11px] font-semibold transition-all duration-300 cursor-pointer
                  bg-muted/60 text-muted-foreground hover:bg-muted hover:text-foreground
                " aria-label="Kikongo">KG</button></div></header><main class="flex-1 space-y-10 sm:space-y-14 lg:space-y-20 px-4 sm:px-6 lg:px-8 max-w-5xl mx-auto w-full pb-8"><section class="pt-6 sm:pt-10 text-center" style="opacity:0;filter:blur(4px);transform:translateY(30px)"><div class="inline-block mb-6 sm:mb-8" style="opacity:0;transform:scale(0.6) rotateY(-15deg)"><div class="relative"><div class="absolute -inset-4 rounded-3xl bg-gradient-to-br from-[#1E40AF]/20 via-blue-400/10 to-[#DC2626]/15 blur-xl pointer-events-none" style="animation:traitGlow 4s ease-in-out infinite"></div><div class="absolute -inset-2 rounded-[22px] pointer-events-none"><div class="w-full h-full rounded-[22px] border border-dashed border-blue-300/30 dark:border-blue-600/20"></div></div><div class="relative rounded-2xl bg-gradient-to-br from-[#1E40AF] to-[#1E3A8A] p-1.5 shadow-2xl shadow-blue-500/20 dark:shadow-blue-900/40"><div class="rounded-xl bg-white dark:bg-slate-900 flex items-center justify-center overflow-hidden px-3 py-2.5"><img alt="TRAIT" width="180" height="86" decoding="async" data-nimg="1" class="object-contain drop-shadow-sm" style="color:transparent" srcSet="/_next/image?url=%2Ftrait-logo.png&amp;w=256&amp;q=75 1x, /_next/image?url=%2Ftrait-logo.png&amp;w=384&amp;q=75 2x" src="/_next/image?url=%2Ftrait-logo.png&amp;w=384&amp;q=75"/></div></div></div></div><div class="space-y-3 sm:space-y-4" style="opacity:0;transform:translateY(20px)"><h1 class="text-3xl sm:text-4xl lg:text-5xl font-black tracking-tight text-foreground leading-[1.1]">Votre argent,<br/><span class="premium-gradient-text">sans frontières.</span></h1><p class="text-sm sm:text-base text-muted-foreground max-w-lg mx-auto leading-relaxed">Transférez, payez et échangez en toute simplicité avec TRAIT. La fintech de nouvelle génération pour l&#x27;Afrique.</p></div><div class="flex flex-wrap items-center justify-center gap-2 mt-5" style="opacity:0;transform:translateY(15px)"><span data-slot="badge" class="inline-flex items-center justify-center rounded-md border w-fit whitespace-nowrap shrink-0 [&amp;&gt;svg]:size-3 gap-1 [&amp;&gt;svg]:pointer-events-none focus-visible:border-ring focus-visible:ring-ring/50 focus-visible:ring-[3px] aria-invalid:ring-destructive/20 dark:aria-invalid:ring-destructive/40 aria-invalid:border-destructive transition-[color,box-shadow] overflow-hidden [a&amp;]:hover:bg-primary/90 bg-emerald-50 text-emerald-700 border-emerald-200/60 hover:bg-emerald-50 dark:bg-emerald-950/40 dark:text-emerald-300 dark:border-emerald-800/40 text-xs font-medium px-3 py-1 shadow-sm"><svg xmlns="http://www.w3.org/2000/svg" width="24" height="24" viewBox="0 0 24 24" fill="none" stroke="currentColor" stroke-width="2" stroke-linecap="round" stroke-linejoin="round" class="lucide lucide-zap w-3 h-3 mr-1.5" aria-hidden="true"><path d="M4 14a1 1 0 0 1-.78-1.63l9.9-10.2a.5.5 0 0 1 .86.46l-1.92 6.02A1 1 0 0 0 13 10h7a1 1 0 0 1 .78 1.63l-9.9 10.2a.5.5 0 0 1-.86-.46l1.92-6.02A1 1 0 0 0 11 14z"></path></svg>0.7% de frais</span><span data-slot="badge" class="inline-flex items-center justify-center rounded-md border w-fit whitespace-nowrap shrink-0 [&amp;&gt;svg]:size-3 gap-1 [&amp;&gt;svg]:pointer-events-none focus-visible:border-ring focus-visible:ring-ring/50 focus-visible:ring-[3px] aria-invalid:ring-destructive/20 dark:aria-invalid:ring-destructive/40 aria-invalid:border-destructive transition-[color,box-shadow] overflow-hidden [a&amp;]:hover:bg-primary/90 bg-amber-50 text-amber-700 border-amber-200/60 hover:bg-amber-50 dark:bg-amber-950/40 dark:text-amber-300 dark:border-amber-800/40 text-xs font-medium px-3 py-1 shadow-sm"><svg xmlns="http://www.w3.org/2000/svg" width="24" height="24" viewBox="0 0 24 24" fill="none" stroke="currentColor" stroke-width="2" stroke-linecap="round" stroke-linejoin="round" class="lucide lucide-gift w-3 h-3 mr-1.5" aria-hidden="true"><rect x="3" y="8" width="18" height="4" rx="1"></rect><path d="M12 8v13"></path><path d="M19 12v7a2 2 0 0 1-2 2H7a2 2 0 0 1-2-2v-7"></path><path d="M7.5 8a2.5 2.5 0 0 1 0-5A4.8 8 0 0 1 12 8a4.8 8 0 0 1 4.5-5 2.5 2.5 0 0 1 0 5"></path></svg>Bonus 10 USD</span><span data-slot="badge" class="inline-flex items-center justify-center rounded-md border w-fit whitespace-nowrap shrink-0 [&amp;&gt;svg]:size-3 gap-1 [&amp;&gt;svg]:pointer-events-none focus-visible:border-ring focus-visible:ring-ring/50 focus-visible:ring-[3px] aria-invalid:ring-destructive/20 dark:aria-invalid:ring-destructive/40 aria-invalid:border-destructive transition-[color,box-shadow] overflow-hidden [a&amp;]:hover:bg-primary/90 bg-blue-50 text-blue-700 border-blue-200/60 hover:bg-blue-50 dark:bg-blue-950/40 dark:text-blue-300 dark:border-blue-800/40 text-xs font-medium px-3 py-1 shadow-sm"><svg xmlns="http://www.w3.org/2000/svg" width="24" height="24" viewBox="0 0 24 24" fill="none" stroke="currentColor" stroke-width="2" stroke-linecap="round" stroke-linejoin="round" class="lucide lucide-lock w-3 h-3 mr-1.5" aria-hidden="true"><rect width="18" height="11" x="3" y="11" rx="2" ry="2"></rect><path d="M7 11V7a5 5 0 0 1 10 0v4"></path></svg><svg xmlns="http://www.w3.org/2000/svg" width="24" height="24" viewBox="0 0 24 24" fill="none" stroke="currentColor" stroke-width="2" stroke-linecap="round" stroke-linejoin="round" class="lucide lucide-lock w-3 h-3 -ml-1.5 mr-1.5 opacity-0" aria-hidden="true"><rect width="18" height="11" x="3" y="11" rx="2" ry="2"></rect><path d="M7 11V7a5 5 0 0 1 10 0v4"></path></svg>SSL/TLS</span></div><div class="flex flex-col sm:flex-row items-center justify-center gap-3 mt-8" style="opacity:0;transform:translateY(20px)"><button data-slot="button" class="inline-flex items-center justify-center gap-2 whitespace-nowrap disabled:pointer-events-none disabled:opacity-50 [&amp;_svg]:pointer-events-none [&amp;_svg:not([class*=&#x27;size-&#x27;])]:size-4 shrink-0 [&amp;_svg]:shrink-0 outline-none focus-visible:border-ring focus-visible:ring-ring/50 focus-visible:ring-[3px] aria-invalid:ring-destructive/20 dark:aria-invalid:ring-destructive/40 aria-invalid:border-destructive hover:bg-primary/90 py-2 has-[&gt;svg]:px-3 w-full sm:w-auto px-8 h-12 text-sm font-bold bg-gradient-to-r from-[#1E40AF] to-[#2563EB] hover:from-[#1E3A8A] hover:to-[#1E40AF] text-white rounded-xl shadow-xl shadow-blue-500/25 hover:shadow-blue-500/35 transition-all duration-300 cursor-pointer active:scale-[0.97] group"><svg xmlns="http://www.w3.org/2000/svg" width="24" height="24" viewBox="0 0 24 24" fill="none" stroke="currentColor" stroke-width="2" stroke-linecap="round" stroke-linejoin="round" class="lucide lucide-users w-4 h-4 mr-2 group-hover:scale-110 transition-transform" aria-hidden="true"><path d="M16 21v-2a4 4 0 0 0-4-4H6a4 4 0 0 0-4 4v2"></path><path d="M16 3.128a4 4 0 0 1 0 7.744"></path><path d="M22 21v-2a4 4 0 0 0-3-3.87"></path><circle cx="9" cy="7" r="4"></circle></svg>Créer un compte<svg xmlns="http://www.w3.org/2000/svg" width="24" height="24" viewBox="0 0 24 24" fill="none" stroke="currentColor" stroke-width="2" stroke-linecap="round" stroke-linejoin="round" class="lucide lucide-arrow-right w-4 h-4 ml-2 group-hover:translate-x-1 transition-transform" aria-hidden="true"><path d="M5 12h14"></path><path d="m12 5 7 7-7 7"></path></svg></button><button data-slot="button" class="inline-flex items-center justify-center gap-2 whitespace-nowrap disabled:pointer-events-none disabled:opacity-50 [&amp;_svg]:pointer-events-none [&amp;_svg:not([class*=&#x27;size-&#x27;])]:size-4 shrink-0 [&amp;_svg]:shrink-0 outline-none focus-visible:border-ring focus-visible:ring-ring/50 focus-visible:ring-[3px] aria-invalid:ring-destructive/20 dark:aria-invalid:ring-destructive/40 aria-invalid:border-destructive bg-background shadow-xs hover:text-accent-foreground dark:bg-input/30 py-2 has-[&gt;svg]:px-3 w-full sm:w-auto px-8 h-12 text-sm font-bold border-2 border-[#1E40AF]/20 text-[#1E40AF] dark:text-blue-400 dark:border-blue-700/30 hover:bg-[#1E40AF]/5 dark:hover:bg-blue-950/30 rounded-xl transition-all duration-300 cursor-pointer active:scale-[0.97]">Se connecter</button></div></section><div class="px-0 sm:px-4" style="opacity:0;filter:blur(6px);transform:translateY(40px)"><div class="grid grid-cols-3 gap-3 sm:gap-4"><div class="relative rounded-2xl bg-card/70 backdrop-blur-sm border border-border/40 p-4 sm:p-5 text-center overflow-hidden group hover:border-blue-200/50 dark:hover:border-blue-700/30 transition-all duration-300 hover:shadow-lg hover:shadow-blue-500/5" style="opacity:0;transform:translateY(20px)"><div class="absolute top-0 left-0 right-0 h-px bg-gradient-to-r from-transparent via-blue-400/30 to-transparent"></div><div class="w-10 h-10 rounded-xl bg-gradient-to-br from-blue-50 to-blue-100/50 dark:from-blue-950/50 dark:to-blue-900/20 flex items-center justify-center mx-auto mb-3 group-hover:scale-110 transition-transform duration-300"><svg xmlns="http://www.w3.org/2000/svg" width="24" height="24" viewBox="0 0 24 24" fill="none" stroke="currentColor" stroke-width="2" stroke-linecap="round" stroke-linejoin="round" class="lucide lucide-globe w-4.5 h-4.5 text-[#1E40AF] dark:text-blue-400" aria-hidden="true"><circle cx="12" cy="12" r="10"></circle><path d="M12 2a14.5 14.5 0 0 0 0 20 14.5 14.5 0 0 0 0-20"></path><path d="M2 12h20"></path></svg></div><p class="text-xl sm:text-2xl font-black text-foreground tracking-tight"><span>0<!-- -->+</span></p><p class="text-[10px] sm:text-xs text-muted-foreground font-medium mt-1">Pays couverts</p></div><div class="relative rounded-2xl bg-card/70 backdrop-blur-sm border border-border/40 p-4 sm:p-5 text-center overflow-hidden group hover:border-blue-200/50 dark:hover:border-blue-700/30 transition-all duration-300 hover:shadow-lg hover:shadow-blue-500/5" style="opacity:0;transform:translateY(20px)"><div class="absolute top-0 left-0 right-0 h-px bg-gradient-to-r from-transparent via-blue-400/30 to-transparent"></div><div class="w-10 h-10 rounded-xl bg-gradient-to-br from-blue-50 to-blue-100/50 dark:from-blue-950/50 dark:to-blue-900/20 flex items-center justify-center mx-auto mb-3 group-hover:scale-110 transition-transform duration-300"><svg xmlns="http://www.w3.org/2000/svg" width="24" height="24" viewBox="0 0 24 24" fill="none" stroke="currentColor" stroke-width="2" stroke-linecap="round" stroke-linejoin="round" class="lucide lucide-zap w-4.5 h-4.5 text-[#1E40AF] dark:text-blue-400" aria-hidden="true"><path d="M4 14a1 1 0 0 1-.78-1.63l9.9-10.2a.5.5 0 0 1 .86.46l-1.92 6.02A1 1 0 0 0 13 10h7a1 1 0 0 1 .78 1.63l-9.9 10.2a.5.5 0 0 1-.86-.46l1.92-6.02A1 1 0 0 0 11 14z"></path></svg></div><p class="text-xl sm:text-2xl font-black text-foreground tracking-tight"><span>0<!-- -->%</span></p><p class="text-[10px] sm:text-xs text-muted-foreground font-medium mt-1">Frais minimum</p></div><div class="relative rounded-2xl bg-card/70 backdrop-blur-sm border border-border/40 p-4 sm:p-5 text-center overflow-hidden group hover:border-blue-200/50 dark:hover:border-blue-700/30 transition-all duration-300 hover:shadow-lg hover:shadow-blue-500/5" style="opacity:0;transform:translateY(20px)"><div class="absolute top-0 left-0 right-0 h-px bg-gradient-to-r from-transparent via-blue-400/30 to-transparent"></div><div class="w-10 h-10 rounded-xl bg-gradient-to-br from-blue-50 to-blue-100/50 dark:from-blue-950/50 dark:to-blue-900/20 flex items-center justify-center mx-auto mb-3 group-hover:scale-110 transition-transform duration-300"><svg xmlns="http://www.w3.org/2000/svg" width="24" height="24" viewBox="0 0 24 24" fill="none" stroke="currentColor" stroke-width="2" stroke-linecap="round" stroke-linejoin="round" class="lucide lucide-gift w-4.5 h-4.5 text-[#1E40AF] dark:text-blue-400" aria-hidden="true"><rect x="3" y="8" width="18" height="4" rx="1"></rect><path d="M12 8v13"></path><path d="M19 12v7a2 2 0 0 1-2 2H7a2 2 0 0 1-2-2v-7"></path><path d="M7.5 8a2.5 2.5 0 0 1 0-5A4.8 8 0 0 1 12 8a4.8 8 0 0 1 4.5-5 2.5 2.5 0 0 1 0 5"></path></svg></div><p class="text-xl sm:text-2xl font-black text-foreground tracking-tight"><span>$<!-- -->0</span></p><p class="text-[10px] sm:text-xs text-muted-foreground font-medium mt-1">Bonus inscription</p></div></div></div><div class="" style="opacity:0;filter:blur(6px);transform:translateY(40px)"><div class="flex items-center gap-2 mb-4"><div class="w-8 h-8 rounded-lg bg-gradient-to-br from-[#1E40AF]/10 to-[#1E40AF]/5 flex items-center justify-center"><svg xmlns="http://www.w3.org/2000/svg" width="24" height="24" viewBox="0 0 24 24" fill="none" stroke="currentColor" stroke-width="2" stroke-linecap="round" stroke-linejoin="round" class="lucide lucide-shopping-bag w-4 h-4 text-[#1E40AF] dark:text-blue-400" aria-hidden="true"><path d="M16 10a4 4 0 0 1-8 0"></path><path d="M3.103 6.034h17.794"></path><path d="M3.4 5.467a2 2 0 0 0-.4 1.2V20a2 2 0 0 0 2 2h14a2 2 0 0 0 2-2V6.667a2 2 0 0 0-.4-1.2l-2-2.667A2 2 0 0 0 17 2H7a2 2 0 0 0-1.6.8z"></path></svg></div><h2 class="text-base sm:text-lg font-bold text-foreground">Services premium</h2></div><div class="flex gap-3 overflow-x-auto pb-3 -mx-4 px-4 sm:-mx-6 sm:px-6 no-scrollbar snap-x snap-mandatory"><div class="snap-start" style="opacity:0;transform:translateX(20px) scale(0.95)"><div class="min-w-[160px] max-w-[180px] rounded-2xl bg-card/80 backdrop-blur-sm border border-border/40 p-4 hover:border-blue-200/50 dark:hover:border-blue-700/30 transition-all duration-300 hover:shadow-lg hover:shadow-blue-500/5 group"><div class="w-11 h-11 rounded-xl bg-gradient-to-br from-blue-500/10 to-blue-600/5 dark:from-blue-400/15 dark:to-blue-500/5 flex items-center justify-center mb-3 group-hover:scale-110 transition-transform duration-300 border border-blue-200/20 dark:border-blue-700/15"><svg xmlns="http://www.w3.org/2000/svg" width="24" height="24" viewBox="0 0 24 24" fill="none" stroke="currentColor" stroke-width="2" stroke-linecap="round" stroke-linejoin="round" class="lucide lucide-send w-5 h-5 text-[#1E40AF] dark:text-blue-400" aria-hidden="true"><path d="M14.536 21.686a.5.5 0 0 0 .937-.024l6.5-19a.496.496 0 0 0-.635-.635l-19 6.5a.5.5 0 0 0-.024.937l7.93 3.18a2 2 0 0 1 1.112 1.11z"></path><path d="m21.854 2.147-10.94 10.939"></path></svg></div><p class="text-xs font-bold text-foreground leading-snug mb-1">Transferts Internationaux</p><p class="text-[10px] text-muted-foreground leading-snug">Envoyez de l&#x27;argent partout dans le monde</p></div></div><div class="snap-start" style="opacity:0;transform:translateX(20px) scale(0.95)"><div class="min-w-[160px] max-w-[180px] rounded-2xl bg-card/80 backdrop-blur-sm border border-border/40 p-4 hover:border-blue-200/50 dark:hover:border-blue-700/30 transition-all duration-300 hover:shadow-lg hover:shadow-blue-500/5 group"><div class="w-11 h-11 rounded-xl bg-gradient-to-br from-blue-500/10 to-blue-600/5 dark:from-blue-400/15 dark:to-blue-500/5 flex items-center justify-center mb-3 group-hover:scale-110 transition-transform duration-300 border border-blue-200/20 dark:border-blue-700/15"><svg xmlns="http://www.w3.org/2000/svg" width="24" height="24" viewBox="0 0 24 24" fill="none" stroke="currentColor" stroke-width="2" stroke-linecap="round" stroke-linejoin="round" class="lucide lucide-phone w-5 h-5 text-[#1E40AF] dark:text-blue-400" aria-hidden="true"><path d="M13.832 16.568a1 1 0 0 0 1.213-.303l.355-.465A2 2 0 0 1 17 15h3a2 2 0 0 1 2 2v3a2 2 0 0 1-2 2A18 18 0 0 1 2 4a2 2 0 0 1 2-2h3a2 2 0 0 1 2 2v3a2 2 0 0 1-.8 1.6l-.468.351a1 1 0 0 0-.292 1.233 14 14 0 0 0 6.392 6.384"></path></svg></div><p class="text-xs font-bold text-foreground leading-snug mb-1">Mobile Money</p><p class="text-[10px] text-muted-foreground leading-snug">Payez et recevez via Mobile Money</p></div></div><div class="snap-start" style="opacity:0;transform:translateX(20px) scale(0.95)"><div class="min-w-[160px] max-w-[180px] rounded-2xl bg-card/80 backdrop-blur-sm border border-border/40 p-4 hover:border-blue-200/50 dark:hover:border-blue-700/30 transition-all duration-300 hover:shadow-lg hover:shadow-blue-500/5 group"><div class="w-11 h-11 rounded-xl bg-gradient-to-br from-blue-500/10 to-blue-600/5 dark:from-blue-400/15 dark:to-blue-500/5 flex items-center justify-center mb-3 group-hover:scale-110 transition-transform duration-300 border border-blue-200/20 dark:border-blue-700/15"><svg xmlns="http://www.w3.org/2000/svg" width="24" height="24" viewBox="0 0 24 24" fill="none" stroke="currentColor" stroke-width="2" stroke-linecap="round" stroke-linejoin="round" class="lucide lucide-store w-5 h-5 text-[#1E40AF] dark:text-blue-400" aria-hidden="true"><path d="m2 7 4.41-4.41A2 2 0 0 1 7.83 2h8.34a2 2 0 0 1 1.42.59L22 7"></path><path d="M4 12v8a2 2 0 0 0 2 2h12a2 2 0 0 0 2-2v-8"></path><path d="M15 22v-4a2 2 0 0 0-2-2h-2a2 2 0 0 0-2 2v4"></path><path d="M2 7h20"></path><path d="M22 7v3a2 2 0 0 1-2 2a2.7 2.7 0 0 1-1.59-.63.7.7 0 0 0-.82 0A2.7 2.7 0 0 1 16 12a2.7 2.7 0 0 1-1.59-.63.7.7 0 0 0-.82 0A2.7 2.7 0 0 1 12 12a2.7 2.7 0 0 1-1.59-.63.7.7 0 0 0-.82 0A2.7 2.7 0 0 1 8 12a2.7 2.7 0 0 1-1.59-.63.7.7 0 0 0-.82 0A2.7 2.7 0 0 1 4 12a2 2 0 0 1-2-2V7"></path></svg></div><p class="text-xs font-bold text-foreground leading-snug mb-1">Paiement Marchand</p><p class="text-[10px] text-muted-foreground leading-snug">Payez chez les marchands partenaires</p></div></div><div class="snap-start" style="opacity:0;transform:translateX(20px) scale(0.95)"><div class="min-w-[160px] max-w-[180px] rounded-2xl bg-card/80 backdrop-blur-sm border border-border/40 p-4 hover:border-blue-200/50 dark:hover:border-blue-700/30 transition-all duration-300 hover:shadow-lg hover:shadow-blue-500/5 group"><div class="w-11 h-11 rounded-xl bg-gradient-to-br from-blue-500/10 to-blue-600/5 dark:from-blue-400/15 dark:to-blue-500/5 flex items-center justify-center mb-3 group-hover:scale-110 transition-transform duration-300 border border-blue-200/20 dark:border-blue-700/15"><svg xmlns="http://www.w3.org/2000/svg" width="24" height="24" viewBox="0 0 24 24" fill="none" stroke="currentColor" stroke-width="2" stroke-linecap="round" stroke-linejoin="round" class="lucide lucide-code w-5 h-5 text-[#1E40AF] dark:text-blue-400" aria-hidden="true"><path d="m16 18 6-6-6-6"></path><path d="m8 6-6 6 6 6"></path></svg></div><p class="text-xs font-bold text-foreground leading-snug mb-1">API de Paiement</p><p class="text-[10px] text-muted-foreground leading-snug">Intégrez TRAIT dans votre app</p></div></div><div class="snap-start" style="opacity:0;transform:translateX(20px) scale(0.95)"><div class="min-w-[160px] max-w-[180px] rounded-2xl bg-card/80 backdrop-blur-sm border border-border/40 p-4 hover:border-blue-200/50 dark:hover:border-blue-700/30 transition-all duration-300 hover:shadow-lg hover:shadow-blue-500/5 group"><div class="w-11 h-11 rounded-xl bg-gradient-to-br from-blue-500/10 to-blue-600/5 dark:from-blue-400/15 dark:to-blue-500/5 flex items-center justify-center mb-3 group-hover:scale-110 transition-transform duration-300 border border-blue-200/20 dark:border-blue-700/15"><svg xmlns="http://www.w3.org/2000/svg" width="24" height="24" viewBox="0 0 24 24" fill="none" stroke="currentColor" stroke-width="2" stroke-linecap="round" stroke-linejoin="round" class="lucide lucide-arrow-left-right w-5 h-5 text-[#1E40AF] dark:text-blue-400" aria-hidden="true"><path d="M8 3 4 7l4 4"></path><path d="M4 7h16"></path><path d="m16 21 4-4-4-4"></path><path d="M20 17H4"></path></svg></div><p class="text-xs font-bold text-foreground leading-snug mb-1">Troc Digital</p><p class="text-[10px] text-muted-foreground leading-snug">Échangez biens et services</p></div></div><div class="snap-start" style="opacity:0;transform:translateX(20px) scale(0.95)"><div class="min-w-[160px] max-w-[180px] rounded-2xl bg-card/80 backdrop-blur-sm border border-border/40 p-4 hover:border-blue-200/50 dark:hover:border-blue-700/30 transition-all duration-300 hover:shadow-lg hover:shadow-blue-500/5 group"><div class="w-11 h-11 rounded-xl bg-gradient-to-br from-blue-500/10 to-blue-600/5 dark:from-blue-400/15 dark:to-blue-500/5 flex items-center justify-center mb-3 group-hover:scale-110 transition-transform duration-300 border border-blue-200/20 dark:border-blue-700/15"><svg xmlns="http://www.w3.org/2000/svg" width="24" height="24" viewBox="0 0 24 24" fill="none" stroke="currentColor" stroke-width="2" stroke-linecap="round" stroke-linejoin="round" class="lucide lucide-shopping-bag w-5 h-5 text-[#1E40AF] dark:text-blue-400" aria-hidden="true"><path d="M16 10a4 4 0 0 1-8 0"></path><path d="M3.103 6.034h17.794"></path><path d="M3.4 5.467a2 2 0 0 0-.4 1.2V20a2 2 0 0 0 2 2h14a2 2 0 0 0 2-2V6.667a2 2 0 0 0-.4-1.2l-2-2.667A2 2 0 0 0 17 2H7a2 2 0 0 0-1.6.8z"></path></svg></div><p class="text-xs font-bold text-foreground leading-snug mb-1">Marketplace</p><p class="text-[10px] text-muted-foreground leading-snug">Achetez et vendez facilement</p></div></div></div></div><div class="" style="opacity:0;filter:blur(6px);transform:translateY(40px)"><div class="flex items-center gap-2 mb-4"><div class="w-8 h-8 rounded-lg bg-gradient-to-br from-[#1E40AF]/10 to-[#1E40AF]/5 flex items-center justify-center"><svg xmlns="http://www.w3.org/2000/svg" width="24" height="24" viewBox="0 0 24 24" fill="none" stroke="currentColor" stroke-width="2" stroke-linecap="round" stroke-linejoin="round" class="lucide lucide-shield w-4 h-4 text-[#1E40AF] dark:text-blue-400" aria-hidden="true"><path d="M20 13c0 5-3.5 7.5-7.66 8.95a1 1 0 0 1-.67-.01C7.5 20.5 4 18 4 13V6a1 1 0 0 1 1-1c2 0 4.5-1.2 6.24-2.72a1.17 1.17 0 0 1 1.52 0C14.51 3.81 17 5 19 5a1 1 0 0 1 1 1z"></path></svg></div><h2 class="text-base sm:text-lg font-bold text-foreground">Pourquoi TRAIT ?</h2></div><div class="grid grid-cols-1 sm:grid-cols-2 gap-3 sm:gap-4"><div class="group" style="opacity:0;transform:translateY(30px) scale(0.95)"><div class="relative rounded-2xl bg-card/80 backdrop-blur-sm border border-border/50 p-5 overflow-hidden hover:border-blue-300/40 dark:hover:border-blue-600/30 transition-all duration-500 hover:shadow-xl hover:shadow-blue-500/5"><div class="absolute inset-0 bg-gradient-to-br from-blue-50/80 to-transparent dark:from-blue-950/40 opacity-0 group-hover:opacity-100 transition-opacity duration-500"></div><div class="absolute top-0 left-0 right-0 h-px bg-gradient-to-r from-transparent via-blue-400/50 to-transparent opacity-0 group-hover:opacity-100 transition-opacity duration-500"></div><div class="relative z-10"><div class="w-12 h-12 rounded-xl bg-gradient-to-br from-blue-500/10 to-blue-600/5 dark:from-blue-400/15 dark:to-blue-500/5 flex items-center justify-center mb-4 group-hover:scale-110 transition-transform duration-500 border border-blue-200/30 dark:border-blue-700/20"><svg xmlns="http://www.w3.org/2000/svg" width="24" height="24" viewBox="0 0 24 24" fill="none" stroke="currentColor" stroke-width="2" stroke-linecap="round" stroke-linejoin="round" class="lucide lucide-shield w-5.5 h-5.5 text-[#1E40AF] dark:text-blue-400" aria-hidden="true"><path d="M20 13c0 5-3.5 7.5-7.66 8.95a1 1 0 0 1-.67-.01C7.5 20.5 4 18 4 13V6a1 1 0 0 1 1-1c2 0 4.5-1.2 6.24-2.72a1.17 1.17 0 0 1 1.52 0C14.51 3.81 17 5 19 5a1 1 0 0 1 1 1z"></path></svg></div><h3 class="text-sm font-bold text-foreground mb-1.5">Sécurité maximale</h3><p class="text-xs text-muted-foreground leading-relaxed">Vos transactions sont protégées par un chiffrement de bout en bout</p></div></div></div><div class="group" style="opacity:0;transform:translateY(30px) scale(0.95)"><div class="relative rounded-2xl bg-card/80 backdrop-blur-sm border border-border/50 p-5 overflow-hidden hover:border-blue-300/40 dark:hover:border-blue-600/30 transition-all duration-500 hover:shadow-xl hover:shadow-blue-500/5"><div class="absolute inset-0 bg-gradient-to-br from-emerald-50/80 to-transparent dark:from-emerald-950/40 opacity-0 group-hover:opacity-100 transition-opacity duration-500"></div><div class="absolute top-0 left-0 right-0 h-px bg-gradient-to-r from-transparent via-blue-400/50 to-transparent opacity-0 group-hover:opacity-100 transition-opacity duration-500"></div><div class="relative z-10"><div class="w-12 h-12 rounded-xl bg-gradient-to-br from-blue-500/10 to-blue-600/5 dark:from-blue-400/15 dark:to-blue-500/5 flex items-center justify-center mb-4 group-hover:scale-110 transition-transform duration-500 border border-blue-200/30 dark:border-blue-700/20"><svg xmlns="http://www.w3.org/2000/svg" width="24" height="24" viewBox="0 0 24 24" fill="none" stroke="currentColor" stroke-width="2" stroke-linecap="round" stroke-linejoin="round" class="lucide lucide-zap w-5.5 h-5.5 text-[#1E40AF] dark:text-blue-400" aria-hidden="true"><path d="M4 14a1 1 0 0 1-.78-1.63l9.9-10.2a.5.5 0 0 1 .86.46l-1.92 6.02A1 1 0 0 0 13 10h7a1 1 0 0 1 .78 1.63l-9.9 10.2a.5.5 0 0 1-.86-.46l1.92-6.02A1 1 0 0 0 11 14z"></path></svg></div><h3 class="text-sm font-bold text-foreground mb-1.5">Transferts rapides</h3><p class="text-xs text-muted-foreground leading-relaxed">Envoyez de l&#x27;argent instantanément, 24h/24 et 7j/7</p></div></div></div><div class="group" style="opacity:0;transform:translateY(30px) scale(0.95)"><div class="relative rounded-2xl bg-card/80 backdrop-blur-sm border border-border/50 p-5 overflow-hidden hover:border-blue-300/40 dark:hover:border-blue-600/30 transition-all duration-500 hover:shadow-xl hover:shadow-blue-500/5"><div class="absolute inset-0 bg-gradient-to-br from-amber-50/80 to-transparent dark:from-amber-950/40 opacity-0 group-hover:opacity-100 transition-opacity duration-500"></div><div class="absolute top-0 left-0 right-0 h-px bg-gradient-to-r from-transparent via-blue-400/50 to-transparent opacity-0 group-hover:opacity-100 transition-opacity duration-500"></div><div class="relative z-10"><div class="w-12 h-12 rounded-xl bg-gradient-to-br from-blue-500/10 to-blue-600/5 dark:from-blue-400/15 dark:to-blue-500/5 flex items-center justify-center mb-4 group-hover:scale-110 transition-transform duration-500 border border-blue-200/30 dark:border-blue-700/20"><svg xmlns="http://www.w3.org/2000/svg" width="24" height="24" viewBox="0 0 24 24" fill="none" stroke="currentColor" stroke-width="2" stroke-linecap="round" stroke-linejoin="round" class="lucide lucide-gift w-5.5 h-5.5 text-[#1E40AF] dark:text-blue-400" aria-hidden="true"><rect x="3" y="8" width="18" height="4" rx="1"></rect><path d="M12 8v13"></path><path d="M19 12v7a2 2 0 0 1-2 2H7a2 2 0 0 1-2-2v-7"></path><path d="M7.5 8a2.5 2.5 0 0 1 0-5A4.8 8 0 0 1 12 8a4.8 8 0 0 1 4.5-5 2.5 2.5 0 0 1 0 5"></path></svg></div><h3 class="text-sm font-bold text-foreground mb-1.5">Bonus de bienvenue</h3><p class="text-xs text-muted-foreground leading-relaxed">Recevez 10 USD de bonus à votre première inscription</p></div></div></div><div class="group" style="opacity:0;transform:translateY(30px) scale(0.95)"><div class="relative rounded-2xl bg-card/80 backdrop-blur-sm border border-border/50 p-5 overflow-hidden hover:border-blue-300/40 dark:hover:border-blue-600/30 transition-all duration-500 hover:shadow-xl hover:shadow-blue-500/5"><div class="absolute inset-0 bg-gradient-to-br from-violet-50/80 to-transparent dark:from-violet-950/40 opacity-0 group-hover:opacity-100 transition-opacity duration-500"></div><div class="absolute top-0 left-0 right-0 h-px bg-gradient-to-r from-transparent via-blue-400/50 to-transparent opacity-0 group-hover:opacity-100 transition-opacity duration-500"></div><div class="relative z-10"><div class="w-12 h-12 rounded-xl bg-gradient-to-br from-blue-500/10 to-blue-600/5 dark:from-blue-400/15 dark:to-blue-500/5 flex items-center justify-center mb-4 group-hover:scale-110 transition-transform duration-500 border border-blue-200/30 dark:border-blue-700/20"><svg xmlns="http://www.w3.org/2000/svg" width="24" height="24" viewBox="0 0 24 24" fill="none" stroke="currentColor" stroke-width="2" stroke-linecap="round" stroke-linejoin="round" class="lucide lucide-wallet w-5.5 h-5.5 text-[#1E40AF] dark:text-blue-400" aria-hidden="true"><path d="M19 7V4a1 1 0 0 0-1-1H5a2 2 0 0 0 0 4h15a1 1 0 0 1 1 1v4h-3a2 2 0 0 0 0 4h3a1 1 0 0 0 1-1v-2a1 1 0 0 0-1-1"></path><path d="M3 5v14a2 2 0 0 0 2 2h15a1 1 0 0 0 1-1v-4"></path></svg></div><h3 class="text-sm font-bold text-foreground mb-1.5">Multi-devises</h3><p class="text-xs text-muted-foreground leading-relaxed">USD et FC, gérez facilement vos deux portefeuilles</p></div></div></div></div></div><div class="" style="opacity:0;filter:blur(6px);transform:translateY(40px)"><div class="relative rounded-2xl overflow-hidden"><div class="absolute inset-0 bg-gradient-to-br from-[#0F172A] via-[#1E293B] to-[#0F172A] dark:from-[#020617] dark:via-[#0F172A] dark:to-[#020617]"></div><div class="absolute inset-0 opacity-20"><div class="absolute top-0 left-1/4 w-48 h-48 bg-blue-500/20 rounded-full blur-[80px]" style="animation:gradientOrb 12s ease-in-out infinite"></div><div class="absolute bottom-0 right-1/4 w-40 h-40 bg-red-500/15 rounded-full blur-[80px]" style="animation:gradientOrb 15s 3s ease-in-out infinite"></div></div><div class="absolute inset-0 opacity-[0.03]" style="background-image:radial-gradient(circle, #fff 1px, transparent 1px);background-size:24px 24px"></div><div class="absolute inset-0 premium-shimmer"></div><div class="relative z-10 p-6 sm:p-8 text-center"><div class="w-14 h-14 rounded-2xl bg-gradient-to-br from-blue-500/20 to-blue-600/10 border border-blue-400/20 flex items-center justify-center mx-auto mb-4" style="transform:scale(0)"><svg xmlns="http://www.w3.org/2000/svg" width="24" height="24" viewBox="0 0 24 24" fill="none" stroke="currentColor" stroke-width="2" stroke-linecap="round" stroke-linejoin="round" class="lucide lucide-shield w-7 h-7 text-blue-300" aria-hidden="true"><path d="M20 13c0 5-3.5 7.5-7.66 8.95a1 1 0 0 1-.67-.01C7.5 20.5 4 18 4 13V6a1 1 0 0 1 1-1c2 0 4.5-1.2 6.24-2.72a1.17 1.17 0 0 1 1.52 0C14.51 3.81 17 5 19 5a1 1 0 0 1 1 1z"></path></svg></div><h2 class="text-lg sm:text-xl font-bold text-white mb-2">Fait confiance par des milliers</h2><p class="text-sm text-blue-200/70 max-w-md mx-auto leading-relaxed">TRAIT est la plateforme financière la plus sécurisée et la plus fiable en RDC.</p><div class="flex items-center justify-center gap-4 mt-5"><div class="flex items-center gap-1.5 text-blue-300/60 text-xs"><svg xmlns="http://www.w3.org/2000/svg" width="24" height="24" viewBox="0 0 24 24" fill="none" stroke="currentColor" stroke-width="2" stroke-linecap="round" stroke-linejoin="round" class="lucide lucide-lock w-3.5 h-3.5" aria-hidden="true"><rect width="18" height="11" x="3" y="11" rx="2" ry="2"></rect><path d="M7 11V7a5 5 0 0 1 10 0v4"></path></svg><span>SSL/TLS</span></div><div class="w-px h-3 bg-blue-400/20"></div><div class="flex items-center gap-1.5 text-blue-300/60 text-xs"><svg xmlns="http://www.w3.org/2000/svg" width="24" height="24" viewBox="0 0 24 24" fill="none" stroke="currentColor" stroke-width="2" stroke-linecap="round" stroke-linejoin="round" class="lucide lucide-shield w-3.5 h-3.5" aria-hidden="true"><path d="M20 13c0 5-3.5 7.5-7.66 8.95a1 1 0 0 1-.67-.01C7.5 20.5 4 18 4 13V6a1 1 0 0 1 1-1c2 0 4.5-1.2 6.24-2.72a1.17 1.17 0 0 1 1.52 0C14.51 3.81 17 5 19 5a1 1 0 0 1 1 1z"></path></svg><span>JWT</span></div><div class="w-px h-3 bg-blue-400/20"></div><div class="flex items-center gap-1.5 text-blue-300/60 text-xs"><svg xmlns="http://www.w3.org/2000/svg" width="24" height="24" viewBox="0 0 24 24" fill="none" stroke="currentColor" stroke-width="2" stroke-linecap="round" stroke-linejoin="round" class="lucide lucide-star w-3.5 h-3.5" aria-hidden="true"><path d="M11.525 2.295a.53.53 0 0 1 .95 0l2.31 4.679a2.123 2.123 0 0 0 1.595 1.16l5.166.756a.53.53 0 0 1 .294.904l-3.736 3.638a2.123 2.123 0 0 0-.611 1.878l.882 5.14a.53.53 0 0 1-.771.56l-4.618-2.428a2.122 2.122 0 0 0-1.973 0L6.396 21.01a.53.53 0 0 1-.77-.56l.881-5.139a2.122 2.122 0 0 0-.611-1.879L2.16 9.795a.53.53 0 0 1 .294-.906l5.165-.755a2.122 2.122 0 0 0 1.597-1.16z"></path></svg><span>E2E</span></div></div></div></div></div><div class="" style="opacity:0;filter:blur(6px);transform:translateY(40px)"><div class="space-y-3" style="opacity:0"><div tabindex="0" style="opacity:0;transform:translateY(20px) scale(0.97)"><button data-slot="button" class="inline-flex items-center justify-center gap-2 whitespace-nowrap disabled:pointer-events-none disabled:opacity-50 [&amp;_svg]:pointer-events-none [&amp;_svg:not([class*=&#x27;size-&#x27;])]:size-4 shrink-0 [&amp;_svg]:shrink-0 outline-none focus-visible:border-ring focus-visible:ring-ring/50 focus-visible:ring-[3px] aria-invalid:ring-destructive/20 dark:aria-invalid:ring-destructive/40 aria-invalid:border-destructive hover:bg-primary/90 px-4 py-2 has-[&gt;svg]:px-3 w-full h-12 text-sm font-bold bg-gradient-to-r from-amber-500 to-amber-400 hover:from-amber-600 hover:to-amber-500 text-white rounded-xl shadow-lg shadow-amber-500/20 hover:shadow-amber-500/30 transition-all duration-300 cursor-pointer group"><svg xmlns="http://www.w3.org/2000/svg" width="24" height="24" viewBox="0 0 24 24" fill="none" stroke="currentColor" stroke-width="2" stroke-linecap="round" stroke-linejoin="round" class="lucide lucide-shield w-4 h-4 mr-2 group-hover:scale-110 transition-transform" aria-hidden="true"><path d="M20 13c0 5-3.5 7.5-7.66 8.95a1 1 0 0 1-.67-.01C7.5 20.5 4 18 4 13V6a1 1 0 0 1 1-1c2 0 4.5-1.2 6.24-2.72a1.17 1.17 0 0 1 1.52 0C14.51 3.81 17 5 19 5a1 1 0 0 1 1 1z"></path></svg>Créer un compte Agent<svg xmlns="http://www.w3.org/2000/svg" width="24" height="24" viewBox="0 0 24 24" fill="none" stroke="currentColor" stroke-width="2" stroke-linecap="round" stroke-linejoin="round" class="lucide lucide-chevron-right w-4 h-4 ml-auto opacity-50 group-hover:opacity-100 group-hover:translate-x-1 transition-all" aria-hidden="true"><path d="m9 18 6-6-6-6"></path></svg></button></div><div tabindex="0" style="opacity:0;transform:translateY(20px) scale(0.97)"><button data-slot="button" class="inline-flex items-center justify-center gap-2 whitespace-nowrap disabled:pointer-events-none disabled:opacity-50 [&amp;_svg]:pointer-events-none [&amp;_svg:not([class*=&#x27;size-&#x27;])]:size-4 shrink-0 [&amp;_svg]:shrink-0 outline-none focus-visible:border-ring focus-visible:ring-ring/50 focus-visible:ring-[3px] aria-invalid:ring-destructive/20 dark:aria-invalid:ring-destructive/40 aria-invalid:border-destructive shadow-xs px-4 py-2 has-[&gt;svg]:px-3 w-full h-11 text-sm font-bold bg-slate-800 hover:bg-slate-900 dark:bg-slate-700 dark:hover:bg-slate-600 text-white rounded-xl transition-all duration-300 cursor-pointer group"><svg xmlns="http://www.w3.org/2000/svg" width="24" height="24" viewBox="0 0 24 24" fill="none" stroke="currentColor" stroke-width="2" stroke-linecap="round" stroke-linejoin="round" class="lucide lucide-code w-4 h-4 mr-2 group-hover:scale-110 transition-transform" aria-hidden="true"><path d="m16 18 6-6-6-6"></path><path d="m8 6-6 6 6 6"></path></svg>Espace Développeur<svg xmlns="http://www.w3.org/2000/svg" width="24" height="24" viewBox="0 0 24 24" fill="none" stroke="currentColor" stroke-width="2" stroke-linecap="round" stroke-linejoin="round" class="lucide lucide-chevron-right w-4 h-4 ml-auto opacity-50 group-hover:opacity-100 group-hover:translate-x-1 transition-all" aria-hidden="true"><path d="m9 18 6-6-6-6"></path></svg></button></div><div tabindex="0" style="opacity:0;transform:translateY(20px) scale(0.97)"><button data-slot="button" class="inline-flex items-center justify-center gap-2 whitespace-nowrap disabled:pointer-events-none disabled:opacity-50 [&amp;_svg]:pointer-events-none [&amp;_svg:not([class*=&#x27;size-&#x27;])]:size-4 shrink-0 [&amp;_svg]:shrink-0 outline-none focus-visible:border-ring focus-visible:ring-ring/50 focus-visible:ring-[3px] aria-invalid:ring-destructive/20 dark:aria-invalid:ring-destructive/40 aria-invalid:border-destructive dark:hover:bg-accent/50 px-4 py-2 has-[&gt;svg]:px-3 w-full h-11 text-sm font-semibold text-muted-foreground hover:text-foreground hover:bg-muted/60 rounded-xl transition-all duration-300 cursor-pointer group"><svg xmlns="http://www.w3.org/2000/svg" width="24" height="24" viewBox="0 0 24 24" fill="none" stroke="currentColor" stroke-width="2" stroke-linecap="round" stroke-linejoin="round" class="lucide lucide-headphones w-4 h-4 mr-2 group-hover:scale-110 transition-transform" aria-hidden="true"><path d="M3 14h3a2 2 0 0 1 2 2v3a2 2 0 0 1-2 2H5a2 2 0 0 1-2-2v-7a9 9 0 0 1 18 0v7a2 2 0 0 1-2 2h-1a2 2 0 0 1-2-2v-3a2 2 0 0 1 2-2h3"></path></svg>Support<svg xmlns="http://www.w3.org/2000/svg" width="24" height="24" viewBox="0 0 24 24" fill="none" stroke="currentColor" stroke-width="2" stroke-linecap="round" stroke-linejoin="round" class="lucide lucide-chevron-right w-4 h-4 ml-auto opacity-0 group-hover:opacity-50 group-hover:translate-x-1 transition-all" aria-hidden="true"><path d="m9 18 6-6-6-6"></path></svg></button></div><div tabindex="0" style="opacity:0;transform:translateY(20px) scale(0.97)"><button data-slot="button" class="inline-flex items-center justify-center gap-2 whitespace-nowrap disabled:pointer-events-none disabled:opacity-50 [&amp;_svg]:pointer-events-none [&amp;_svg:not([class*=&#x27;size-&#x27;])]:size-4 shrink-0 [&amp;_svg]:shrink-0 outline-none focus-visible:border-ring focus-visible:ring-ring/50 focus-visible:ring-[3px] aria-invalid:ring-destructive/20 dark:aria-invalid:ring-destructive/40 aria-invalid:border-destructive px-4 py-2 has-[&gt;svg]:px-3 w-full h-11 text-sm font-semibold text-[#1E40AF] dark:text-blue-400 hover:text-[#1E3A8A] dark:hover:text-blue-300 hover:bg-blue-50 dark:hover:bg-blue-950/30 border border-[#1E40AF]/15 dark:border-blue-800/20 rounded-xl transition-all duration-300 cursor-pointer group"><svg xmlns="http://www.w3.org/2000/svg" width="24" height="24" viewBox="0 0 24 24" fill="none" stroke="currentColor" stroke-width="2" stroke-linecap="round" stroke-linejoin="round" class="lucide lucide-message-circle w-4 h-4 mr-2 group-hover:scale-110 transition-transform" aria-hidden="true"><path d="M7.9 20A9 9 0 1 0 4 16.1L2 22Z"></path></svg>Nous contacter<svg xmlns="http://www.w3.org/2000/svg" width="24" height="24" viewBox="0 0 24 24" fill="none" stroke="currentColor" stroke-width="2" stroke-linecap="round" stroke-linejoin="round" class="lucide lucide-chevron-right w-4 h-4 ml-auto opacity-0 group-hover:opacity-50 group-hover:translate-x-1 transition-all" aria-hidden="true"><path d="m9 18 6-6-6-6"></path></svg></button></div></div></div><div class="" style="opacity:0;filter:blur(6px);transform:translateY(40px)"><div class="flex items-center gap-2 mb-4"><div class="w-8 h-8 rounded-lg bg-gradient-to-br from-amber-500/10 to-amber-500/5 flex items-center justify-center"><svg xmlns="http://www.w3.org/2000/svg" width="24" height="24" viewBox="0 0 24 24" fill="none" stroke="currentColor" stroke-width="2" stroke-linecap="round" stroke-linejoin="round" class="lucide lucide-bell w-4 h-4 text-amber-500" aria-hidden="true"><path d="M10.268 21a2 2 0 0 0 3.464 0"></path><path d="M3.262 15.326A1 1 0 0 0 4 17h16a1 1 0 0 0 .74-1.673C19.41 13.956 18 12.499 18 8A6 6 0 0 0 6 8c0 4.499-1.411 5.956-2.738 7.326"></path></svg></div><h2 class="text-base sm:text-lg font-bold text-foreground">Nouveautés</h2></div><div class="space-y-2.5"><div style="opacity:0;transform:translateX(-20px)"><div class="flex items-center gap-3 bg-card/70 backdrop-blur-sm border border-border/40 rounded-xl p-3.5 hover:border-amber-200/50 dark:hover:border-amber-800/30 transition-all duration-300 cursor-default group hover:shadow-md hover:shadow-amber-500/5"><div class="w-10 h-10 rounded-xl bg-gradient-to-br from-amber-50 to-amber-100/50 dark:from-amber-950/40 dark:to-amber-900/20 flex items-center justify-center shrink-0 group-hover:scale-110 transition-transform duration-300"><svg xmlns="http://www.w3.org/2000/svg" width="24" height="24" viewBox="0 0 24 24" fill="none" stroke="currentColor" stroke-width="2" stroke-linecap="round" stroke-linejoin="round" class="lucide lucide-globe w-4.5 h-4.5 text-amber-600 dark:text-amber-400" aria-hidden="true"><circle cx="12" cy="12" r="10"></circle><path d="M12 2a14.5 14.5 0 0 0 0 20 14.5 14.5 0 0 0 0-20"></path><path d="M2 12h20"></path></svg></div><p class="text-xs font-semibold text-foreground leading-snug flex-1">Transferts internationaux disponibles</p><svg xmlns="http://www.w3.org/2000/svg" width="24" height="24" viewBox="0 0 24 24" fill="none" stroke="currentColor" stroke-width="2" stroke-linecap="round" stroke-linejoin="round" class="lucide lucide-arrow-right w-4 h-4 text-muted-foreground/30 group-hover:text-amber-500 group-hover:translate-x-1 transition-all duration-200 shrink-0" aria-hidden="true"><path d="M5 12h14"></path><path d="m12 5 7 7-7 7"></path></svg></div></div><div style="opacity:0;transform:translateX(-20px)"><div class="flex items-center gap-3 bg-card/70 backdrop-blur-sm border border-border/40 rounded-xl p-3.5 hover:border-amber-200/50 dark:hover:border-amber-800/30 transition-all duration-300 cursor-default group hover:shadow-md hover:shadow-amber-500/5"><div class="w-10 h-10 rounded-xl bg-gradient-to-br from-amber-50 to-amber-100/50 dark:from-amber-950/40 dark:to-amber-900/20 flex items-center justify-center shrink-0 group-hover:scale-110 transition-transform duration-300"><svg xmlns="http://www.w3.org/2000/svg" width="24" height="24" viewBox="0 0 24 24" fill="none" stroke="currentColor" stroke-width="2" stroke-linecap="round" stroke-linejoin="round" class="lucide lucide-code w-4.5 h-4.5 text-amber-600 dark:text-amber-400" aria-hidden="true"><path d="m16 18 6-6-6-6"></path><path d="m8 6-6 6 6 6"></path></svg></div><p class="text-xs font-semibold text-foreground leading-snug flex-1">API développeur maintenant ouverte</p><svg xmlns="http://www.w3.org/2000/svg" width="24" height="24" viewBox="0 0 24 24" fill="none" stroke="currentColor" stroke-width="2" stroke-linecap="round" stroke-linejoin="round" class="lucide lucide-arrow-right w-4 h-4 text-muted-foreground/30 group-hover:text-amber-500 group-hover:translate-x-1 transition-all duration-200 shrink-0" aria-hidden="true"><path d="M5 12h14"></path><path d="m12 5 7 7-7 7"></path></svg></div></div><div style="opacity:0;transform:translateX(-20px)"><div class="flex items-center gap-3 bg-card/70 backdrop-blur-sm border border-border/40 rounded-xl p-3.5 hover:border-amber-200/50 dark:hover:border-amber-800/30 transition-all duration-300 cursor-default group hover:shadow-md hover:shadow-amber-500/5"><div class="w-10 h-10 rounded-xl bg-gradient-to-br from-amber-50 to-amber-100/50 dark:from-amber-950/40 dark:to-amber-900/20 flex items-center justify-center shrink-0 group-hover:scale-110 transition-transform duration-300"><svg xmlns="http://www.w3.org/2000/svg" width="24" height="24" viewBox="0 0 24 24" fill="none" stroke="currentColor" stroke-width="2" stroke-linecap="round" stroke-linejoin="round" class="lucide lucide-users w-4.5 h-4.5 text-amber-600 dark:text-amber-400" aria-hidden="true"><path d="M16 21v-2a4 4 0 0 0-4-4H6a4 4 0 0 0-4 4v2"></path><path d="M16 3.128a4 4 0 0 1 0 7.744"></path><path d="M22 21v-2a4 4 0 0 0-3-3.87"></path><circle cx="9" cy="7" r="4"></circle></svg></div><p class="text-xs font-semibold text-foreground leading-snug flex-1">Services Agents TRAIT</p><svg xmlns="http://www.w3.org/2000/svg" width="24" height="24" viewBox="0 0 24 24" fill="none" stroke="currentColor" stroke-width="2" stroke-linecap="round" stroke-linejoin="round" class="lucide lucide-arrow-right w-4 h-4 text-muted-foreground/30 group-hover:text-amber-500 group-hover:translate-x-1 transition-all duration-200 shrink-0" aria-hidden="true"><path d="M5 12h14"></path><path d="m12 5 7 7-7 7"></path></svg></div></div></div></div><div class="" style="opacity:0;filter:blur(6px);transform:translateY(40px)"><div class="flex items-center gap-2 mb-4"><div class="w-8 h-8 rounded-lg bg-gradient-to-br from-[#1E40AF]/10 to-[#1E40AF]/5 flex items-center justify-center"><svg xmlns="http://www.w3.org/2000/svg" width="24" height="24" viewBox="0 0 24 24" fill="none" stroke="currentColor" stroke-width="2" stroke-linecap="round" stroke-linejoin="round" class="lucide lucide-smartphone w-4 h-4 text-[#1E40AF] dark:text-blue-400" aria-hidden="true"><rect width="14" height="20" x="5" y="2" rx="2" ry="2"></rect><path d="M12 18h.01"></path></svg></div><h2 class="text-base sm:text-lg font-bold text-foreground">Télécharger l&#x27;application</h2></div><div class="grid grid-cols-2 gap-3 sm:gap-4"><button class="relative rounded-2xl bg-card/80 backdrop-blur-sm border border-border/40 p-4 sm:p-5 text-center overflow-hidden group hover:border-blue-200/50 dark:hover:border-blue-700/30 transition-all duration-300 hover:shadow-xl hover:shadow-blue-500/10 cursor-pointer disabled:opacity-50 disabled:cursor-not-allowed" tabindex="0"><div class="absolute top-0 left-0 right-0 h-px bg-gradient-to-r from-transparent via-blue-400/40 to-transparent"></div><div class="w-12 h-12 rounded-2xl bg-gradient-to-br from-[#1E40AF] to-[#2563EB] flex items-center justify-center mx-auto mb-3 shadow-lg shadow-blue-500/20 group-hover:scale-110 transition-transform duration-300"><svg xmlns="http://www.w3.org/2000/svg" width="24" height="24" viewBox="0 0 24 24" fill="none" stroke="currentColor" stroke-width="2" stroke-linecap="round" stroke-linejoin="round" class="lucide lucide-smartphone w-6 h-6 text-white" aria-hidden="true"><rect width="14" height="20" x="5" y="2" rx="2" ry="2"></rect><path d="M12 18h.01"></path></svg></div><p class="text-[10px] text-muted-foreground leading-tight">Télécharger sur</p><p class="text-sm font-bold text-foreground leading-tight mt-0.5">Android</p></button><button class="relative rounded-2xl bg-card/80 backdrop-blur-sm border border-border/40 p-4 sm:p-5 text-center overflow-hidden group hover:border-slate-300/50 dark:hover:border-slate-600/30 transition-all duration-300 hover:shadow-xl hover:shadow-slate-500/10 cursor-pointer" tabindex="0"><div class="absolute top-0 left-0 right-0 h-px bg-gradient-to-r from-transparent via-slate-400/40 to-transparent"></div><div class="w-12 h-12 rounded-2xl bg-gradient-to-br from-slate-700 to-slate-900 flex items-center justify-center mx-auto mb-3 shadow-lg shadow-slate-500/20 group-hover:scale-110 transition-transform duration-300"><svg xmlns="http://www.w3.org/2000/svg" width="24" height="24" viewBox="0 0 24 24" fill="none" stroke="currentColor" stroke-width="2" stroke-linecap="round" stroke-linejoin="round" class="lucide lucide-apple w-6 h-6 text-white" aria-hidden="true"><path d="M12 20.94c1.5 0 2.75 1.06 4 1.06 3 0 6-8 6-12.22A4.91 4.91 0 0 0 17 5c-2.22 0-4 1.44-5 2-1-.56-2.78-2-5-2a4.9 4.9 0 0 0-5 4.78C2 14 5 22 8 22c1.25 0 2.5-1.06 4-1.06Z"></path><path d="M10 2c1 .5 2 2 2 5"></path></svg></div><p class="text-[10px] text-muted-foreground leading-tight">Télécharger sur</p><p class="text-sm font-bold text-foreground leading-tight mt-0.5">iOS</p></button></div><p class="mt-2 text-center text-[10px] text-muted-foreground/60">Application web progressive - Fonctionne hors ligne</p></div><div class="" style="opacity:0;filter:blur(6px);transform:translateY(40px)"><div class="flex items-start gap-3 rounded-2xl bg-gradient-to-br from-blue-50/80 to-indigo-50/50 dark:from-blue-950/30 dark:to-indigo-950/15 border border-blue-100/60 dark:border-blue-900/40 p-4 backdrop-blur-sm"><div class="w-9 h-9 rounded-xl bg-blue-100 dark:bg-blue-900/40 flex items-center justify-center shrink-0 mt-0.5"><svg xmlns="http://www.w3.org/2000/svg" width="24" height="24" viewBox="0 0 24 24" fill="none" stroke="currentColor" stroke-width="2" stroke-linecap="round" stroke-linejoin="round" class="lucide lucide-bell w-4 h-4 text-[#1E40AF] dark:text-blue-400" aria-hidden="true"><path d="M10.268 21a2 2 0 0 0 3.464 0"></path><path d="M3.262 15.326A1 1 0 0 0 4 17h16a1 1 0 0 0 .74-1.673C19.41 13.956 18 12.499 18 8A6 6 0 0 0 6 8c0 4.499-1.411 5.956-2.738 7.326"></path></svg></div><div><p class="text-xs font-bold text-[#1E40AF] dark:text-blue-300 mb-1">Bon à savoir</p><p class="text-[11px] text-blue-700/80 dark:text-blue-400/70 leading-relaxed">0.7% de frais • Bonus 10 USD • Transferts internationaux • API développeur</p></div></div></div><div class="" style="opacity:0;filter:blur(6px);transform:translateY(40px)"><div class="relative rounded-2xl overflow-hidden"><div class="absolute inset-0 bg-gradient-to-br from-[#1E40AF] via-[#2563EB] to-[#DC2626]"></div><div class="absolute -top-16 -right-16 w-48 h-48 rounded-full bg-white/8" style="animation:gradientOrb 10s ease-in-out infinite"></div><div class="absolute -bottom-12 -left-12 w-36 h-36 rounded-full bg-white/5" style="animation:gradientOrb 14s 4s ease-in-out infinite"></div><div class="absolute top-1/2 right-1/4 w-20 h-20 rounded-full bg-white/5"></div><div class="absolute inset-0 bg-gradient-to-t from-black/10 to-transparent pointer-events-none"></div><div class="absolute inset-0 premium-shimmer"></div><div class="relative z-10 p-6 sm:p-8 text-center"><h2 class="text-xl sm:text-2xl font-black text-white mb-2">Prêt à commencer ?</h2><p class="text-sm text-blue-100/80 max-w-sm mx-auto mb-6">Rejoignez des milliers d&#x27;utilisateurs qui font confiance à TRAIT pour leurs transactions financières.</p><div tabindex="0"><button data-slot="button" class="inline-flex items-center justify-center gap-2 whitespace-nowrap text-sm disabled:pointer-events-none disabled:opacity-50 [&amp;_svg]:pointer-events-none [&amp;_svg:not([class*=&#x27;size-&#x27;])]:size-4 shrink-0 [&amp;_svg]:shrink-0 outline-none focus-visible:border-ring focus-visible:ring-ring/50 focus-visible:ring-[3px] aria-invalid:ring-destructive/20 dark:aria-invalid:ring-destructive/40 aria-invalid:border-destructive py-2 has-[&gt;svg]:px-3 bg-white hover:bg-white/90 text-[#1E40AF] font-bold rounded-xl shadow-xl shadow-black/10 px-8 h-12 transition-all duration-300 cursor-pointer group">Créer un compte gratuitement<svg xmlns="http://www.w3.org/2000/svg" width="24" height="24" viewBox="0 0 24 24" fill="none" stroke="currentColor" stroke-width="2" stroke-linecap="round" stroke-linejoin="round" class="lucide lucide-arrow-right w-4 h-4 ml-2 group-hover:translate-x-1 transition-transform" aria-hidden="true"><path d="M5 12h14"></path><path d="m12 5 7 7-7 7"></path></svg></button></div></div></div></div></main><footer class="mt-auto border-t border-border/30 py-5 px-4 sm:px-6 text-center bg-background/80 backdrop-blur-sm" style="opacity:0"><p class="text-xs text-muted-foreground">© 2025 TRAIT - Fait avec ❤️ en RDC</p><p class="text-[10px] text-muted-foreground/50 mt-1">v1.0.0</p></footer></div></div></div></div><!--$--><!--/$--><section aria-label="Notifications alt+T" tabindex="-1" aria-live="polite" aria-relevant="additions text" aria-atomic="false"></section><script>
              if ('serviceWorker' in navigator) {
                window.addEventListener('load', function() {
                  navigator.serviceWorker.register('/sw.js').catch(function() {});
                });
              }
            </script><script id="_R_">self.__next_r="3wqua-sg7C4LrVU4AkD49"</script><script src="/_next/static/chunks/%5Bturbopack%5D_browser_dev_hmr-client_hmr-client_ts_10z625~._.js" async=""></script><script>(self.__next_f=self.__next_f||[]).push([0])</script><script>self.__next_f.push([1,"9:I[\"[project]/node_modules/next/dist/next-devtools/userspace/app/segment-explorer-node.js [app-client] (ecmascript)\",[\"/_next/static/chunks/node_modules_127f~ir._.js\",\"/_next/static/chunks/src_0nfemkn._.js\",\"/_next/static/chunks/src_app_layout_tsx_004glpo._.js\"],\"SegmentViewNode\"]\nb:\"$Sreact.fragment\"\n26:I[\"[project]/src/components/providers/ThemeProvider.tsx [app-client] (ecmascript)\",[\"/_next/static/chunks/node_modules_127f~ir._.js\",\"/_next/static/chunks/src_0nfemkn._.js\",\"/_next/static/chunks/src_app_layout_tsx_004glpo._.js\"],\"ThemeProvider\"]\n28:I[\"[project]/src/components/providers/I18nProviderWrapper.tsx [app-client] (ecmascript)\",[\"/_next/static/chunks/node_modules_127f~ir._.js\",\"/_next/static/chunks/src_0nfemkn._.js\",\"/_next/static/chunks/src_app_layout_tsx_004glpo._.js\"],\"I18nProviderWrapper\"]\n2a:I[\"[project]/node_modules/next/dist/client/components/layout-router.js [app-client] (ecmascript)\",[\"/_next/static/chunks/node_modules_127f~ir._.js\",\"/_next/static/chunks/src_0nfemkn._.js\",\"/_next/static/chunks/src_app_layout_tsx_004glpo._.js\"],\"default\"]\n2c:I[\"[project]/node_modules/next/dist/client/components/render-from-template-context.js [app-client] (ecmascript)\",[\"/_next/static/chunks/node_modules_127f~ir._.js\",\"/_next/static/chunks/src_0nfemkn._.js\",\"/_next/static/chunks/src_app_layout_tsx_004glpo._.js\"],\"default\"]\n3e:I[\"[project]/src/components/ui/sonner.tsx [app-client] (ecmascript)\",[\"/_next/static/chunks/node_modules_127f~ir._.js\",\"/_next/static/chunks/src_0nfemkn._.js\",\"/_next/static/chunks/src_app_layout_tsx_004glpo._.js\"],\"Toaster\"]\n43:I[\"[project]/node_modules/next/dist/client/components/client-page.js [app-client] (ecmascript)\",[\"/_next/static/chunks/node_modules_127f~ir._.js\",\"/_next/static/chunks/src_0nfemkn._.js\",\"/_next/static/chunks/src_app_layout_tsx_004glpo._.js\"],\"ClientPageRoot\"]\n"])</script><script>self.__next_f.push([1,"44:I[\"[project]/src/app/page.tsx [app-client] (ecmascript)\",[\"/_next/static/chunks/node_modules_127f~ir._.js\",\"/_next/static/chunks/src_0nfemkn._.js\",\"/_next/static/chunks/src_app_layout_tsx_004glpo._.js\",\"/_next/static/chunks/src_components_screens_WelcomeScreen_tsx_0-l9wn7._.js\",\"/_next/static/chunks/src_components_screens_USSDScreen_tsx_0ryh1m3._.js\",\"/_next/static/chunks/src_components_screens_InternationalTransferScreen_tsx_0x6ixcl._.js\",\"/_next/static/chunks/src_components_screens_AgentRegisterScreen_tsx_0j_5esu._.js\",\"/_next/static/chunks/src_components_screens_KYCVerificationScreen_tsx_0c6rreo._.js\",\"/_next/static/chunks/src_components_screens_0gk~qo.._.js\",\"/_next/static/chunks/src_components_admin_AdminUsersScreen_tsx_0ud7cko._.js\",\"/_next/static/chunks/src_components_admin_AdminAgentsScreen_tsx_0p3y-39._.js\",\"/_next/static/chunks/src_components_admin_AdminMarketScreen_tsx_0ah1aky._.js\",\"/_next/static/chunks/src_components_admin_AdminBonusCampaignsScreen_tsx_0kmsn7i._.js\",\"/_next/static/chunks/src_components_admin_AdminAgentValidationScreen_tsx_0ngcv8z._.js\",\"/_next/static/chunks/src_components_admin_AdminDevelopersScreen_tsx_06x277w._.js\",\"/_next/static/chunks/src_components_admin_AdminCardsScreen_tsx_0o~a9.2._.js\",\"/_next/static/chunks/src_components_admin_AdminClientMessagesScreen_tsx_0t.x0n_._.js\",\"/_next/static/chunks/src_components_admin_01hsd3j._.js\",\"/_next/static/chunks/src_components_0hn5p07._.js\",\"/_next/static/chunks/src_0238u8z._.js\",\"/_next/static/chunks/node_modules_motion-dom_dist_es_0p2xb11._.js\",\"/_next/static/chunks/node_modules_framer-motion_dist_es_09u0dvt._.js\",\"/_next/static/chunks/node_modules_lucide-react_dist_esm_0ijipn9._.js\",\"/_next/static/chunks/node_modules_next_0jmp5z7._.js\",\"/_next/static/chunks/node_modules_tailwind-merge_dist_bundle-mjs_mjs_0ezz.e5._.js\",\"/_next/static/chunks/node_modules_08xahpj._.js\",\"/_next/static/chunks/src_app_page_tsx_0bx44sf._.js\"],\"default\"]\n"])</script><script>self.__next_f.push([1,"62:I[\"[project]/node_modules/next/dist/lib/framework/boundary-components.js [app-client] (ecmascript)\",[\"/_next/static/chunks/node_modules_127f~ir._.js\",\"/_next/static/chunks/src_0nfemkn._.js\",\"/_next/static/chunks/src_app_layout_tsx_004glpo._.js\"],\"OutletBoundary\"]\n64:\"$Sreact.suspense\"\n71:I[\"[project]/node_modules/next/dist/lib/framework/boundary-components.js [app-client] (ecmascript)\",[\"/_next/static/chunks/node_modules_127f~ir._.js\",\"/_next/static/chunks/src_0nfemkn._.js\",\"/_next/static/chunks/src_app_layout_tsx_004glpo._.js\"],\"ViewportBoundary\"]\n7b:I[\"[project]/node_modules/next/dist/client/components/builtin/global-error.js [app-client] (ecmascript)\",[\"/_next/static/chunks/node_modules_127f~ir._.js\",\"/_next/static/chunks/src_0nfemkn._.js\",\"/_next/static/chunks/src_app_layout_tsx_004glpo._.js\",\"/_next/static/chunks/node_modules_next_dist_client_components_builtin_global-error_0bx44sf.js\"],\"default\",1]\n81:I[\"[project]/node_modules/next/dist/lib/framework/boundary-components.js [app-client] (ecmascript)\",[\"/_next/static/chunks/node_modules_127f~ir._.js\",\"/_next/static/chunks/src_0nfemkn._.js\",\"/_next/static/chunks/src_app_layout_tsx_004glpo._.js\"],\"MetadataBoundary\"]\na5:I[\"[project]/node_modules/next/dist/lib/metadata/generate/icon-mark.js [app-client] (ecmascript)\",[\"/_next/static/chunks/node_modules_127f~ir._.js\",\"/_next/static/chunks/src_0nfemkn._.js\",\"/_next/static/chunks/src_app_layout_tsx_004glpo._.js\"],\"IconMark\"]\n:HL[\"/_next/static/chunks/%5Broot-of-the-server%5D__02nfq85._.css\",\"style\"]\n:HL[\"/_next/static/media/797e433ab948586e-s.p.09zddjkbdep5a.woff2\",\"font\",{\"crossOrigin\":\"\",\"type\":\"font/woff2\"}]\n:HL[\"/_next/static/media/caa3a2e1cccd8315-s.p.09~u27dqhyhd6.woff2\",\"font\",{\"crossOrigin\":\"\",\"type\":\"font/woff2\"}]\n1:D\"$6\"\n1:D\"$2\"\n1:D\"$7\"\n1:null\n10:D\"$1a\"\n10:D\"$11\"\n10:D\"$1c\"\n2e:D\"$30\"\n2e:D\"$2f\"\n2e:D\"$32\"\n2e:D\"$31\"\n2e:D\"$33\"\n2e:[[\"$\",\"title\",null,{\"children\":\"404: This page could not be found.\"},\"$31\",\"$34\",1],[\"$\",\"div\",null,{\"style\":{\"fontFamily\":\"system-ui,\\\"Segoe UI\\\",Roboto,Helvetica,Arial,sans-serif,\\\"Apple Color Emoji\\\",\\\"Segoe UI Emoji\\\"\",\"height\":\"100vh\",\"textAlign\":\"center\",\"display\":\"flex\",\"flexDirection\":\"column\",\"alignItems\":\"center\",\"justifyContent\":\"center\"},\"children\":[\"$\",\"div\",null,{\"children\":[[\"$\",\"style\",null,{\"dangerouslySetInnerHTML\":{\"__html\":\"body{color:#000;background:#fff;margin:0}.next-error-h1{border-right:1px solid rgba(0,0,0,.3)}@media (prefers-color-scheme:dark){body{color:#fff;background:#000}.next-error-h1{border-right:1px solid rgba(255,255,255,.3)}}\"}},\"$31\",\"$37\",1],[\"$\",\"h1\",null,{\"className\":\"next-error-h1\",\"style\":{\"display\":\"inline-block\",\"margin\":\"0 20px 0 0\",\"padding\":\"0 23px 0 0\",\"fontSize\":24,\"fontWeight\":500,\"verticalAlign\":\"top\",\"lineHeight\":\"49px\"},\"children\":404},\"$31\",\"$38\",1],[\"$\",\"div\",null,{\"style\":{\"display\":\"inline-block\"},\"children\":[\"$\",\"h2\",null,{\"style\":{\"fontSize\":14,\"fontWeight\":400,\"lineHeight\":\"49px\",\"margin\":0},\"children\":\"This page could not be found.\"},\"$31\",\"$3a\",1]},\"$31\",\"$39\",1]]},\"$31\",\"$36\",1]},\"$31\",\"$35\",1]]\n"])</script><script>self.__next_f.push([1,"10:[\"$\",\"html\",null,{\"lang\":\"fr\",\"suppressHydrationWarning\":true,\"children\":[[\"$\",\"head\",null,{\"children\":[[\"$\",\"meta\",null,{\"name\":\"apple-mobile-web-app-capable\",\"content\":\"yes\"},\"$11\",\"$1e\",1],[\"$\",\"meta\",null,{\"name\":\"apple-mobile-web-app-status-bar-style\",\"content\":\"black-translucent\"},\"$11\",\"$1f\",1],[\"$\",\"meta\",null,{\"name\":\"apple-mobile-web-app-title\",\"content\":\"TRAIT\"},\"$11\",\"$20\",1],[\"$\",\"meta\",null,{\"name\":\"mobile-web-app-capable\",\"content\":\"yes\"},\"$11\",\"$21\",1],[\"$\",\"link\",null,{\"rel\":\"apple-touch-icon\",\"href\":\"/apple-touch-icon.png\"},\"$11\",\"$22\",1],[\"$\",\"link\",null,{\"rel\":\"apple-touch-startup-image\",\"href\":\"/icon-512.png\"},\"$11\",\"$23\",1]]},\"$11\",\"$1d\",1],[\"$\",\"body\",null,{\"className\":\"geist_a71539c9-module__T19VSG__variable geist_mono_8d43a2aa-module__8Li5zG__variable antialiased bg-background text-foreground font-sans\",\"children\":[[\"$\",\"$L26\",null,{\"children\":[\"$\",\"$L28\",null,{\"children\":[\"$\",\"$L2a\",null,{\"parallelRouterKey\":\"children\",\"error\":\"$undefined\",\"errorStyles\":\"$undefined\",\"errorScripts\":\"$undefined\",\"template\":[\"$\",\"$L2c\",null,{},null,\"$2b\",1],\"templateStyles\":\"$undefined\",\"templateScripts\":\"$undefined\",\"notFound\":[\"$\",\"$L9\",\"c-not-found\",{\"type\":\"not-found\",\"pagePath\":\"__next_builtin__not-found.js\",\"children\":[\"$2e\",[]]},null,\"$2d\",0],\"forbidden\":\"$undefined\",\"unauthorized\":\"$undefined\",\"segmentViewBoundaries\":[[\"$\",\"$L9\",null,{\"type\":\"boundary:not-found\",\"pagePath\":\"__next_builtin__not-found.js@boundary\"},null,\"$3b\",1],\"$undefined\",\"$undefined\",[\"$\",\"$L9\",null,{\"type\":\"boundary:global-error\",\"pagePath\":\"__next_builtin__global-error.js\"},null,\"$3c\",1]]},null,\"$29\",1]},\"$11\",\"$27\",1]},\"$11\",\"$25\",1],[\"$\",\"$L3e\",null,{\"position\":\"top-center\",\"richColors\":true,\"closeButton\":true},\"$11\",\"$3d\",1],[\"$\",\"script\",null,{\"dangerouslySetInnerHTML\":{\"__html\":\"\\n              if ('serviceWorker' in navigator) {\\n                window.addEventListener('load', function() {\\n                  navigator.serviceWorker.register('/sw.js').catch(function() {});\\n                });\\n              }\\n            \"}},\"$11\",\"$3f\",1]]},\"$11\",\"$24\",1]]},\"$11\",\"$1b\",1]\n"])</script><script>self.__next_f.push([1,"5d:D\"$5f\"\n5d:D\"$5e\"\n5d:D\"$61\"\n5d:[\"$\",\"$L62\",null,{\"children\":[\"$\",\"$64\",null,{\"name\":\"Next.MetadataOutlet\",\"children\":\"$@65\"},\"$5e\",\"$63\",1]},\"$5e\",\"$60\",1]\n67:D\"$6a\"\n67:D\"$68\"\n67:D\"$6b\"\n67:null\n6c:D\"$6e\"\n6c:D\"$6d\"\n6c:D\"$70\"\n6c:[\"$\",\"$L71\",null,{\"children\":\"$L72\"},\"$6d\",\"$6f\",1]\n73:D\"$75\"\n73:D\"$74\"\n73:D\"$77\"\n73:[\"$\",\"div\",null,{\"hidden\":true,\"children\":\"$L78\"},\"$74\",\"$76\",1]\n7a:[]\n"])</script><script>self.__next_f.push([1,"0:{\"P\":\"$1\",\"c\":[\"\",\"\"],\"q\":\"\",\"i\":true,\"f\":[[[\"\",{\"children\":[\"__PAGE__\",{}]},\"$undefined\",\"$undefined\",16],[[\"$\",\"$L9\",\"layout\",{\"type\":\"layout\",\"pagePath\":\"layout.tsx\",\"children\":[\"$\",\"$b\",\"c\",{\"children\":[[[\"$\",\"link\",\"0\",{\"rel\":\"stylesheet\",\"href\":\"/_next/static/chunks/%5Broot-of-the-server%5D__02nfq85._.css\",\"precedence\":\"next_static/chunks/[root-of-the-server]__02nfq85._.css\",\"crossOrigin\":\"$undefined\",\"nonce\":\"$undefined\"},null,\"$c\",0],[\"$\",\"script\",\"script-0\",{\"src\":\"/_next/static/chunks/node_modules_127f~ir._.js\",\"async\":true,\"nonce\":\"$undefined\"},null,\"$d\",0],[\"$\",\"script\",\"script-1\",{\"src\":\"/_next/static/chunks/src_0nfemkn._.js\",\"async\":true,\"nonce\":\"$undefined\"},null,\"$e\",0],[\"$\",\"script\",\"script-2\",{\"src\":\"/_next/static/chunks/src_app_layout_tsx_004glpo._.js\",\"async\":true,\"nonce\":\"$undefined\"},null,\"$f\",0]],\"$10\"]},null,\"$a\",1]},null,\"$8\",0],{\"children\":[[\"$\",\"$b\",\"c\",{\"children\":[[\"$\",\"$L9\",\"c-page\",{\"type\":\"page\",\"pagePath\":\"page.tsx\",\"children\":[\"$\",\"$L43\",null,{\"Component\":\"$44\",\"serverProvidedParams\":{\"searchParams\":{},\"params\":{},\"promises\":null}},null,\"$42\",1]},null,\"$41\",1],[[\"$\",\"script\",\"script-0\",{\"src\":\"/_next/static/chunks/src_components_screens_WelcomeScreen_tsx_0-l9wn7._.js\",\"async\":true,\"nonce\":\"$undefined\"},null,\"$45\",0],[\"$\",\"script\",\"script-1\",{\"src\":\"/_next/static/chunks/src_components_screens_USSDScreen_tsx_0ryh1m3._.js\",\"async\":true,\"nonce\":\"$undefined\"},null,\"$46\",0],[\"$\",\"script\",\"script-2\",{\"src\":\"/_next/static/chunks/src_components_screens_InternationalTransferScreen_tsx_0x6ixcl._.js\",\"async\":true,\"nonce\":\"$undefined\"},null,\"$47\",0],[\"$\",\"script\",\"script-3\",{\"src\":\"/_next/static/chunks/src_components_screens_AgentRegisterScreen_tsx_0j_5esu._.js\",\"async\":true,\"nonce\":\"$undefined\"},null,\"$48\",0],[\"$\",\"script\",\"script-4\",{\"src\":\"/_next/static/chunks/src_components_screens_KYCVerificationScreen_tsx_0c6rreo._.js\",\"async\":true,\"nonce\":\"$undefined\"},null,\"$49\",0],[\"$\",\"script\",\"script-5\",{\"src\":\"/_next/static/chunks/src_components_screens_0gk~qo.._.js\",\"async\":true,\"nonce\":\"$undefined\"},null,\"$4a\",0],[\"$\",\"script\",\"script-6\",{\"src\":\"/_next/static/chunks/src_components_admin_AdminUsersScreen_tsx_0ud7cko._.js\",\"async\":true,\"nonce\":\"$undefined\"},null,\"$4b\",0],[\"$\",\"script\",\"script-7\",{\"src\":\"/_next/static/chunks/src_components_admin_AdminAgentsScreen_tsx_0p3y-39._.js\",\"async\":true,\"nonce\":\"$undefined\"},null,\"$4c\",0],[\"$\",\"script\",\"script-8\",{\"src\":\"/_next/static/chunks/src_components_admin_AdminMarketScreen_tsx_0ah1aky._.js\",\"async\":true,\"nonce\":\"$undefined\"},null,\"$4d\",0],[\"$\",\"script\",\"script-9\",{\"src\":\"/_next/static/chunks/src_components_admin_AdminBonusCampaignsScreen_tsx_0kmsn7i._.js\",\"async\":true,\"nonce\":\"$undefined\"},null,\"$4e\",0],[\"$\",\"script\",\"script-10\",{\"src\":\"/_next/static/chunks/src_components_admin_AdminAgentValidationScreen_tsx_0ngcv8z._.js\",\"async\":true,\"nonce\":\"$undefined\"},null,\"$4f\",0],[\"$\",\"script\",\"script-11\",{\"src\":\"/_next/static/chunks/src_components_admin_AdminDevelopersScreen_tsx_06x277w._.js\",\"async\":true,\"nonce\":\"$undefined\"},null,\"$50\",0],[\"$\",\"script\",\"script-12\",{\"src\":\"/_next/static/chunks/src_components_admin_AdminCardsScreen_tsx_0o~a9.2._.js\",\"async\":true,\"nonce\":\"$undefined\"},null,\"$51\",0],[\"$\",\"script\",\"script-13\",{\"src\":\"/_next/static/chunks/src_components_admin_AdminClientMessagesScreen_tsx_0t.x0n_._.js\",\"async\":true,\"nonce\":\"$undefined\"},null,\"$52\",0],[\"$\",\"script\",\"script-14\",{\"src\":\"/_next/static/chunks/src_components_admin_01hsd3j._.js\",\"async\":true,\"nonce\":\"$undefined\"},null,\"$53\",0],[\"$\",\"script\",\"script-15\",{\"src\":\"/_next/static/chunks/src_components_0hn5p07._.js\",\"async\":true,\"nonce\":\"$undefined\"},null,\"$54\",0],[\"$\",\"script\",\"script-16\",{\"src\":\"/_next/static/chunks/src_0238u8z._.js\",\"async\":true,\"nonce\":\"$undefined\"},null,\"$55\",0],[\"$\",\"script\",\"script-17\",{\"src\":\"/_next/static/chunks/node_modules_motion-dom_dist_es_0p2xb11._.js\",\"async\":true,\"nonce\":\"$undefined\"},null,\"$56\",0],[\"$\",\"script\",\"script-18\",{\"src\":\"/_next/static/chunks/node_modules_framer-motion_dist_es_09u0dvt._.js\",\"async\":true,\"nonce\":\"$undefined\"},null,\"$57\",0],[\"$\",\"script\",\"script-19\",{\"src\":\"/_next/static/chunks/node_modules_lucide-react_dist_esm_0ijipn9._.js\",\"async\":true,\"nonce\":\"$undefined\"},null,\"$58\",0],[\"$\",\"script\",\"script-20\",{\"src\":\"/_next/static/chunks/node_modules_next_0jmp5z7._.js\",\"async\":true,\"nonce\":\"$undefined\"},null,\"$59\",0],[\"$\",\"script\",\"script-21\",{\"src\":\"/_next/static/chunks/node_modules_tailwind-merge_dist_bundle-mjs_mjs_0ezz.e5._.js\",\"async\":true,\"nonce\":\"$undefined\"},null,\"$5a\",0],[\"$\",\"script\",\"script-22\",{\"src\":\"/_next/static/chunks/node_modules_08xahpj._.js\",\"async\":true,\"nonce\":\"$undefined\"},null,\"$5b\",0],[\"$\",\"script\",\"script-23\",{\"src\":\"/_next/static/chunks/src_app_page_tsx_0bx44sf._.js\",\"async\":true,\"nonce\":\"$undefined\"},null,\"$5c\",0]],\"$5d\"]},null,\"$40\",0],{},null,false,null]},null,false,null],[\"$\",\"$b\",\"h\",{\"children\":[\"$67\",\"$6c\",\"$73\",[\"$\",\"meta\",null,{\"name\":\"next-size-adjust\",\"content\":\"\"},null,\"$79\",1]]},null,\"$66\",0],false]],\"m\":\"$W7a\",\"G\":[\"$7b\",\"$L7c\"],\"S\":false,\"h\":null,\"s\":\"$undefined\",\"l\":\"$undefined\",\"p\":\"$undefined\",\"d\":\"$undefined\",\"b\":\"development\"}\n"])</script><script>self.__next_f.push([1,"72:D\"$7e\"\n72:D\"$7d\"\n78:D\"$80\"\n83:D\"$85\"\n83:D\"$84\"\n78:[\"$\",\"$L81\",null,{\"children\":[\"$\",\"$64\",null,{\"name\":\"Next.Metadata\",\"children\":\"$L83\"},\"$74\",\"$82\",1]},\"$74\",\"$7f\",1]\n7c:D\"$87\"\n7c:[\"$\",\"$L9\",\"ge-svn\",{\"type\":\"global-error\",\"pagePath\":\"__next_builtin__global-error.js\",\"children\":[[\"$\",\"link\",\"0\",{\"rel\":\"stylesheet\",\"href\":\"/_next/static/chunks/%5Broot-of-the-server%5D__02nfq85._.css\",\"precedence\":\"next_static/chunks/[root-of-the-server]__02nfq85._.css\",\"crossOrigin\":\"$undefined\",\"nonce\":\"$undefined\"},null,\"$88\",0]]},null,\"$86\",0]\n72:D\"$89\"\n72:[[\"$\",\"meta\",\"0\",{\"charSet\":\"utf-8\"},\"$5e\",\"$8a\",0],[\"$\",\"meta\",\"1\",{\"name\":\"viewport\",\"content\":\"width=device-width, initial-scale=1, maximum-scale=1, user-scalable=no\"},\"$5e\",\"$8b\",0],[\"$\",\"meta\",\"2\",{\"name\":\"theme-color\",\"content\":\"#1E40AF\"},\"$5e\",\"$8c\",0]]\n65:D\"$8d\"\n65:null\n83:D\"$8e\"\n"])</script><script>self.__next_f.push([1,"83:[[\"$\",\"title\",\"0\",{\"children\":\"TRAIT - Transfert d'argent, Troc \u0026 Marketplace\"},\"$5e\",\"$8f\",0],[\"$\",\"meta\",\"1\",{\"name\":\"description\",\"content\":\"Plateforme numérique innovante combinant transfert d'argent, troc digital et marketplace. Accessible avec ou sans internet via USSD.\"},\"$5e\",\"$90\",0],[\"$\",\"meta\",\"2\",{\"name\":\"author\",\"content\":\"Trait Team\"},\"$5e\",\"$91\",0],[\"$\",\"link\",\"3\",{\"rel\":\"manifest\",\"href\":\"/manifest.json\",\"crossOrigin\":\"$undefined\"},\"$5e\",\"$92\",0],[\"$\",\"meta\",\"4\",{\"name\":\"keywords\",\"content\":\"Trait,transfert,argent,troc,marketplace,USSD,fintech,mobile money,RDC,Congo\"},\"$5e\",\"$93\",0],[\"$\",\"meta\",\"5\",{\"name\":\"mobile-web-app-capable\",\"content\":\"yes\"},\"$5e\",\"$94\",0],[\"$\",\"meta\",\"6\",{\"name\":\"mobile-web-app-capable\",\"content\":\"yes\"},\"$5e\",\"$95\",0],[\"$\",\"meta\",\"7\",{\"name\":\"apple-mobile-web-app-title\",\"content\":\"TRAIT\"},\"$5e\",\"$96\",0],[\"$\",\"meta\",\"8\",{\"name\":\"apple-mobile-web-app-status-bar-style\",\"content\":\"black-translucent\"},\"$5e\",\"$97\",0],[\"$\",\"meta\",\"9\",{\"property\":\"og:title\",\"content\":\"TRAIT - Transfert d'argent, Troc \u0026 Marketplace\"},\"$5e\",\"$98\",0],[\"$\",\"meta\",\"10\",{\"property\":\"og:description\",\"content\":\"Plateforme numérique innovante combinant transfert d'argent, troc digital et marketplace.\"},\"$5e\",\"$99\",0],[\"$\",\"meta\",\"11\",{\"property\":\"og:image\",\"content\":\"http://localhost:3000/icon-512.png\"},\"$5e\",\"$9a\",0],[\"$\",\"meta\",\"12\",{\"property\":\"og:type\",\"content\":\"website\"},\"$5e\",\"$9b\",0],[\"$\",\"meta\",\"13\",{\"name\":\"twitter:card\",\"content\":\"summary_large_image\"},\"$5e\",\"$9c\",0],[\"$\",\"meta\",\"14\",{\"name\":\"twitter:title\",\"content\":\"TRAIT - Transfert d'argent, Troc \u0026 Marketplace\"},\"$5e\",\"$9d\",0],[\"$\",\"meta\",\"15\",{\"name\":\"twitter:description\",\"content\":\"Plateforme numérique innovante combinant transfert d'argent, troc digital et marketplace.\"},\"$5e\",\"$9e\",0],[\"$\",\"meta\",\"16\",{\"name\":\"twitter:image\",\"content\":\"http://localhost:3000/icon-512.png\"},\"$5e\",\"$9f\",0],[\"$\",\"link\",\"17\",{\"rel\":\"icon\",\"href\":\"/favicon-16.png\",\"sizes\":\"16x16\",\"type\":\"image/png\"},\"$5e\",\"$a0\",0],[\"$\",\"link\",\"18\",{\"rel\":\"icon\",\"href\":\"/favicon-32.png\",\"sizes\":\"32x32\",\"type\":\"image/png\"},\"$5e\",\"$a1\",0],[\"$\",\"link\",\"19\",{\"rel\":\"icon\",\"href\":\"/icon-192.png\",\"sizes\":\"192x192\",\"type\":\"image/png\"},\"$5e\",\"$a2\",0],[\"$\",\"link\",\"20\",{\"rel\":\"apple-touch-icon\",\"href\":\"/apple-touch-icon.png\"},\"$5e\",\"$a3\",0],[\"$\",\"$La5\",\"21\",{},\"$5e\",\"$a4\",0]]\n"])</script></body></html>